Component: ARM Compiler 5.06 update 5 (build 528) Tool: armlink [4d35e2]

==============================================================================

Section Cross References

    queue.o(i.pcQueueGetName) refers to queue.o(.bss) for xQueueRegistry
    queue.o(i.prvCopyDataFromQueue) refers to rt_memcpy_v6.o(.text) for __aeabi_memcpy
    queue.o(i.prvCopyDataToQueue) refers to tasks.o(i.xTaskPriorityDisinherit) for xTaskPriorityDisinherit
    queue.o(i.prvCopyDataToQueue) refers to rt_memcpy_v6.o(.text) for __aeabi_memcpy
    queue.o(i.prvInitialiseMutex) refers to queue.o(i.xQueueGenericSend) for xQueueGenericSend
    queue.o(i.prvInitialiseNewQueue) refers to queue.o(i.xQueueGenericReset) for xQueueGenericReset
    queue.o(i.prvIsQueueEmpty) refers to port.o(i.vPortEnterCritical) for vPortEnterCritical
    queue.o(i.prvIsQueueEmpty) refers to port.o(i.vPortExitCritical) for vPortExitCritical
    queue.o(i.prvIsQueueFull) refers to port.o(i.vPortEnterCritical) for vPortEnterCritical
    queue.o(i.prvIsQueueFull) refers to port.o(i.vPortExitCritical) for vPortExitCritical
    queue.o(i.prvUnlockQueue) refers to port.o(i.vPortEnterCritical) for vPortEnterCritical
    queue.o(i.prvUnlockQueue) refers to tasks.o(i.xTaskRemoveFromEventList) for xTaskRemoveFromEventList
    queue.o(i.prvUnlockQueue) refers to tasks.o(i.vTaskMissedYield) for vTaskMissedYield
    queue.o(i.prvUnlockQueue) refers to port.o(i.vPortExitCritical) for vPortExitCritical
    queue.o(i.uxQueueMessagesWaiting) refers to port.o(i.vPortEnterCritical) for vPortEnterCritical
    queue.o(i.uxQueueMessagesWaiting) refers to port.o(i.vPortExitCritical) for vPortExitCritical
    queue.o(i.uxQueueSpacesAvailable) refers to port.o(i.vPortEnterCritical) for vPortEnterCritical
    queue.o(i.uxQueueSpacesAvailable) refers to port.o(i.vPortExitCritical) for vPortExitCritical
    queue.o(i.vQueueAddToRegistry) refers to queue.o(.bss) for xQueueRegistry
    queue.o(i.vQueueDelete) refers to queue.o(i.vQueueUnregisterQueue) for vQueueUnregisterQueue
    queue.o(i.vQueueDelete) refers to heap_2.o(i.vPortFree) for vPortFree
    queue.o(i.vQueueUnregisterQueue) refers to queue.o(.bss) for xQueueRegistry
    queue.o(i.vQueueWaitForMessageRestricted) refers to port.o(i.vPortEnterCritical) for vPortEnterCritical
    queue.o(i.vQueueWaitForMessageRestricted) refers to port.o(i.vPortExitCritical) for vPortExitCritical
    queue.o(i.vQueueWaitForMessageRestricted) refers to tasks.o(i.vTaskPlaceOnEventListRestricted) for vTaskPlaceOnEventListRestricted
    queue.o(i.vQueueWaitForMessageRestricted) refers to queue.o(i.prvUnlockQueue) for prvUnlockQueue
    queue.o(i.xQueueCreateCountingSemaphore) refers to queue.o(i.xQueueGenericCreate) for xQueueGenericCreate
    queue.o(i.xQueueCreateMutex) refers to queue.o(i.xQueueGenericCreate) for xQueueGenericCreate
    queue.o(i.xQueueCreateMutex) refers to queue.o(i.prvInitialiseMutex) for prvInitialiseMutex
    queue.o(i.xQueueGenericCreate) refers to heap_2.o(i.pvPortMalloc) for pvPortMalloc
    queue.o(i.xQueueGenericCreate) refers to queue.o(i.prvInitialiseNewQueue) for prvInitialiseNewQueue
    queue.o(i.xQueueGenericReceive) refers to tasks.o(i.xTaskGetSchedulerState) for xTaskGetSchedulerState
    queue.o(i.xQueueGenericReceive) refers to port.o(i.vPortEnterCritical) for vPortEnterCritical
    queue.o(i.xQueueGenericReceive) refers to queue.o(i.prvCopyDataFromQueue) for prvCopyDataFromQueue
    queue.o(i.xQueueGenericReceive) refers to tasks.o(i.pvTaskIncrementMutexHeldCount) for pvTaskIncrementMutexHeldCount
    queue.o(i.xQueueGenericReceive) refers to tasks.o(i.xTaskRemoveFromEventList) for xTaskRemoveFromEventList
    queue.o(i.xQueueGenericReceive) refers to port.o(i.vPortExitCritical) for vPortExitCritical
    queue.o(i.xQueueGenericReceive) refers to tasks.o(i.vTaskSetTimeOutState) for vTaskSetTimeOutState
    queue.o(i.xQueueGenericReceive) refers to tasks.o(i.vTaskSuspendAll) for vTaskSuspendAll
    queue.o(i.xQueueGenericReceive) refers to tasks.o(i.xTaskCheckForTimeOut) for xTaskCheckForTimeOut
    queue.o(i.xQueueGenericReceive) refers to queue.o(i.prvIsQueueEmpty) for prvIsQueueEmpty
    queue.o(i.xQueueGenericReceive) refers to tasks.o(i.vTaskPriorityInherit) for vTaskPriorityInherit
    queue.o(i.xQueueGenericReceive) refers to tasks.o(i.vTaskPlaceOnEventList) for vTaskPlaceOnEventList
    queue.o(i.xQueueGenericReceive) refers to queue.o(i.prvUnlockQueue) for prvUnlockQueue
    queue.o(i.xQueueGenericReceive) refers to tasks.o(i.xTaskResumeAll) for xTaskResumeAll
    queue.o(i.xQueueGenericReset) refers to port.o(i.vPortEnterCritical) for vPortEnterCritical
    queue.o(i.xQueueGenericReset) refers to tasks.o(i.xTaskRemoveFromEventList) for xTaskRemoveFromEventList
    queue.o(i.xQueueGenericReset) refers to list.o(i.vListInitialise) for vListInitialise
    queue.o(i.xQueueGenericReset) refers to port.o(i.vPortExitCritical) for vPortExitCritical
[...]
    i.xTaskGetSchedulerState                 0x08004ffc   Section        0  tasks.o(i.xTaskGetSchedulerState)
    i.xTaskGetTickCount                      0x0800501c   Section        0  tasks.o(i.xTaskGetTickCount)
    i.xTaskIncrementTick                     0x08005028   Section        0  tasks.o(i.xTaskIncrementTick)
    i.xTaskPriorityDisinherit                0x08005170   Section        0  tasks.o(i.xTaskPriorityDisinherit)
    i.xTaskRemoveFromEventList               0x08005238   Section        0  tasks.o(i.xTaskRemoveFromEventList)
    i.xTaskResumeAll                         0x080052d0   Section        0  tasks.o(i.xTaskResumeAll)
    i.xTimerCreateTimerTask                  0x080053d4   Section        0  timers.o(i.xTimerCreateTimerTask)
    i.xTimerGenericCommand                   0x0800542c   Section        0  timers.o(i.xTimerGenericCommand)
    x$fpl$dadd                               0x080054b0   Section      336  daddsub_clz.o(x$fpl$dadd)
    $v0                                      0x080054b0   Number         0  daddsub_clz.o(x$fpl$dadd)
    _dadd1                                   0x080054c1   Thumb Code     0  daddsub_clz.o(x$fpl$dadd)
    x$fpl$dfixu                              0x08005600   Section       90  dfixu.o(x$fpl$dfixu)
    $v0                                      0x08005600   Number         0  dfixu.o(x$fpl$dfixu)
    x$fpl$dflt                               0x0800565a   Section       46  dflt_clz.o(x$fpl$dflt)
    $v0                                      0x0800565a   Number         0  dflt_clz.o(x$fpl$dflt)
    x$fpl$dmul                               0x08005688   Section      340  dmul.o(x$fpl$dmul)
    $v0                                      0x08005688   Number         0  dmul.o(x$fpl$dmul)
    x$fpl$dnaninf                            0x080057dc   Section      156  dnaninf.o(x$fpl$dnaninf)
    $v0                                      0x080057dc   Number         0  dnaninf.o(x$fpl$dnaninf)
    x$fpl$dretinf                            0x08005878   Section       12  dretinf.o(x$fpl$dretinf)
    $v0                                      0x08005878   Number         0  dretinf.o(x$fpl$dretinf)
    x$fpl$dsub                               0x08005884   Section      468  daddsub_clz.o(x$fpl$dsub)
    $v0                                      0x08005884   Number         0  daddsub_clz.o(x$fpl$dsub)
    _dsub1                                   0x08005895   Thumb Code     0  daddsub_clz.o(x$fpl$dsub)
    x$fpl$fpinit                             0x08005a58   Section       10  fpinit.o(x$fpl$fpinit)
    $v0                                      0x08005a58   Number         0  fpinit.o(x$fpl$fpinit)
    x$fpl$usenofp                            0x08005a62   Section        0  usenofp.o(x$fpl$usenofp)
    .data                                    0x20000000   Section       60  tasks.o(.data)
    pxDelayedTaskList                        0x20000004   Data           4  tasks.o(.data)
    pxOverflowDelayedTaskList                0x20000008   Data           4  tasks.o(.data)
    uxDeletedTasksWaitingCleanUp             0x2000000c   Data           4  tasks.o(.data)
    uxCurrentNumberOfTasks                   0x20000010   Data           4  tasks.o(.data)
    xTickCount                               0x20000014   Data           4  tasks.o(.data)
    uxTopReadyPriority                       0x20000018   Data           4  tasks.o(.data)
    xSchedulerRunning                        0x2000001c   Data           4  tasks.o(.data)
    uxPendedTicks                            0x20000020   Data           4  tasks.o(.data)
    xYieldPending                            0x20000024   Data           4  tasks.o(.data)
    xNumOfOverflows                          0x20000028   Data           4  tasks.o(.data)
    uxTaskNumber                             0x2000002c   Data           4  tasks.o(.data)
    xNextTaskUnblockTime                     0x20000030   Data           4  tasks.o(.data)
    xIdleTaskHandle                          0x20000034   Data           4  tasks.o(.data)
    uxSchedulerSuspended                     0x20000038   Data           4  tasks.o(.data)
    .data                                    0x2000003c   Section       20  timers.o(.data)
    pxCurrentTimerList                       0x2000003c   Data           4  timers.o(.data)
    pxOverflowTimerList                      0x20000040   Data           4  timers.o(.data)
    xTimerQueue                              0x20000044   Data           4  timers.o(.data)
    xTimerTaskHandle                         0x20000048   Data           4  timers.o(.data)
    xLastTime                                0x2000004c   Data           4  timers.o(.data)
    .data                                    0x20000050   Section       24  heap_2.o(.data)
    xStart                                   0x20000050   Data           8  heap_2.o(.data)
    xEnd                                     0x20000058   Data           8  heap_2.o(.data)
    xFreeBytesRemaining                      0x20000060   Data           4  heap_2.o(.data)
    xHeapHasBeenInitialised                  0x20000064   Data           4  heap_2.o(.data)
    .data                                    0x20000068   Section       12  port.o(.data)
    uxCriticalNesting                        0x20000068   Data           4  port.o(.data)
    ucMaxSysCallPriority                     0x2000006c   Data           1  port.o(.data)
    ulMaxPRIGROUPValue                       0x20000070   Data           4  port.o(.data)
    .data                                    0x20000074   Section       12  main.o(.data)
    .data                                    0x20000080   Section       60  bluetooth.o(.data)
    PresetNum                                0x20000080   Data           1  bluetooth.o(.data)
    error                                    0x20000081   Data           1  bluetooth.o(.data)
    xHigherPriorityTaskWoken                 0x200000b4   Data           4  bluetooth.o(.data)
    rx_index                                 0x200000b8   Data           4  bluetooth.o(.data)
    .data                                    0x200000bc   Section       28  pedal.o(.data)
    .data                                    0x200000d8   Section        8  conversion.o(.data)
    xHigherPriorityTaskWoken                 0x200000dc   Data           4  conversion.o(.data)
    .data                                    0x200000e0   Section       24  rf.o(.data)
    xHigherPriorityTaskWoken                 0x200000f0   Data           4  rf.o(.data)
    xHigherPriorityTaskWoken                 0x200000f4   Data           4  rf.o(.data)
    .data                                    0x200000f8   Section       16  lcd_i2c.o(.data)
    xHigherPriorityTaskWoken                 0x20000100   Data           4  lcd_i2c.o(.data)
    xHigherPriorityTaskWoken                 0x20000104   Data           4  lcd_i2c.o(.data)
    .data                                    0x20000108   Section     2148  effects.o(.data)
    effect_value                             0x20000964   Data           4  effects.o(.data)
    .data                                    0x2000096c   Section       16  stm32f4xx_rcc.o(.data)
    APBAHBPrescTable                         0x2000096c   Data          16  stm32f4xx_rcc.o(.data)
    .data                                    0x2000097c   Section       20  system_stm32f4xx.o(.data)
    .data                                    0x20000990   Section        4  tm_stm32f4_nrf24l01.o(.data)
    TM_NRF24L01_Struct                       0x20000990   Data           4  tm_stm32f4_nrf24l01.o(.data)
    .bss                                     0x20000994   Section       64  queue.o(.bss)
    .bss                                     0x200009d4   Section      200  tasks.o(.bss)
    pxReadyTasksLists                        0x200009d4   Data         100  tasks.o(.bss)
    xDelayedTaskList1                        0x20000a38   Data          20  tasks.o(.bss)
    xDelayedTaskList2                        0x20000a4c   Data          20  tasks.o(.bss)
    xPendingReadyList                        0x20000a60   Data          20  tasks.o(.bss)
    xTasksWaitingTermination                 0x20000a74   Data          20  tasks.o(.bss)
    xSuspendedTaskList                       0x20000a88   Data          20  tasks.o(.bss)
    .bss                                     0x20000a9c   Section       40  timers.o(.bss)
    xActiveTimerList1                        0x20000a9c   Data          20  timers.o(.bss)
    xActiveTimerList2                        0x20000ab0   Data          20  timers.o(.bss)
    .bss                                     0x20000ac4   Section    76800  heap_2.o(.bss)
    ucHeap                                   0x20000ac4   Data       76800  heap_2.o(.bss)
    .bss                                     0x200136c4   Section      283  bluetooth.o(.bss)
    Command                                  0x200136c4   Data          39  bluetooth.o(.bss)
    .bss                                     0x200137e0   Section       16  conversion.o(.bss)
    .bss                                     0x200137f0   Section    49088  effects.o(.bss)
    bp_coeff_arr                             0x2001efe0   Data        2000  effects.o(.bss)
    .bss                                     0x2001f7b0   Section       22  tm_stm32f4_gpio.o(.bss)
    GPIO_UsedPins                            0x2001f7b0   Data          22  tm_stm32f4_gpio.o(.bss)
    .bss                                     0x2001f7c8   Section       96  libspace.o(.bss)
    HEAP                                     0x2001f828   Section      512  startup_stm32f40xx.o(HEAP)
    Heap_Mem                                 0x2001f828   Data         512  startup_stm32f40xx.o(HEAP)
    STACK                                    0x2001fa28   Section     1024  startup_stm32f40xx.o(STACK)
    Stack_Mem                                0x2001fa28   Data        1024  startup_stm32f40xx.o(STACK)
    __initial_sp                             0x2001fe28   Data           0  startup_stm32f40xx.o(STACK)

    Global Symbols

    Symbol Name                              Value     Ov Type        Size  Object(Section)

    BuildAttributes$$THM_ISAv4$E$P$D$K$B$S$7EM$VFPi3$EXTD16$VFPS$VFMA$PE$A:L22UL41UL21$X:L11$S22US41US21$IEEE1$IW$USESV6$~STKCKD$USESV7$~SHL$OTIME$ROPI$IEEEX$EBA8$UX$STANDARDLIB$REQ8$PRES8$EABIv2 0x00000000   Number         0  anon$$obj.o ABSOLUTE
    __ARM_use_no_argv                        0x00000000   Number         0  main.o ABSOLUTE
    __ARM_exceptions_init                     - Undefined Weak Reference
    __alloca_initialize                       - Undefined Weak Reference
    __arm_preinit_                            - Undefined Weak Reference
    __cpp_initialize__aeabi_                  - Undefined Weak Reference
    __cxa_finalize                            - Undefined Weak Reference
    __rt_locale                               - Undefined Weak Reference
    __sigvec_lookup                           - Undefined Weak Reference
    _atexit_init                              - Undefined Weak Reference
    _call_atexit_fns                          - Undefined Weak Reference
    _clock_init                               - Undefined Weak Reference
    _fp_trap_init                             - Undefined Weak Reference
    _fp_trap_shutdown                         - Undefined Weak Reference
    _get_lc_collate                           - Undefined Weak Reference
    _get_lc_ctype                             - Undefined Weak Reference
    _get_lc_monetary                          - Undefined Weak Reference
    _get_lc_numeric                           - Undefined Weak Reference
    _get_lc_time                              - Undefined Weak Reference
    _getenv_init                              - Undefined Weak Reference
    _handle_redirection                       - Undefined Weak Reference
    _init_alloc                               - Undefined Weak Reference
    _init_user_alloc                          - Undefined Weak Reference
    _initio                                   - Undefined Weak Reference
    _rand_init                                - Undefined Weak Reference
    _signal_finish                            - Undefined Weak Reference
    _signal_init                              - Undefined Weak Reference
    _terminate_alloc                          - Undefined Weak Reference
    _terminate_user_alloc                     - Undefined Weak Reference
    _terminateio                              - Undefined Weak Reference
    __Vectors_Size                           0x00000188   Number         0  startup_stm32f40xx.o ABSOLUTE
    __Vectors                                0x08000000   Data           4  startup_stm32f40xx.o(RESET)
    __Vectors_End                            0x08000188   Data           0  startup_stm32f40xx.o(RESET)
    __main                                   0x08000189   Thumb Code     8  __main.o(!!!main)
    __scatterload                            0x08000191   Thumb Code     0  __scatter.o(!!!scatter)
    __scatterload_rt2                        0x08000191   Thumb Code    44  __scatter.o(!!!scatter)
    __scatterload_rt2_thumb_only             0x08000191   Thumb Code     0  __scatter.o(!!!scatter)
    __scatterload_null                       0x0800019f   Thumb Code     0  __scatter.o(!!!scatter)
    __decompress                             0x080001c5   Thumb Code   100  __dclz77c.o(!!dclz77c)
    __decompress2                            0x080001c5   Thumb Code     0  __dclz77c.o(!!dclz77c)
    __scatterload_zeroinit                   0x08000229   Thumb Code    28  __scatter_zi.o(!!handler_zi)
    __rt_lib_init                            0x08000245   Thumb Code     0  libinit.o(.ARM.Collect$$libinit$$00000000)
    __rt_lib_init_fp_1                       0x08000247   Thumb Code     0  libinit2.o(.ARM.Collect$$libinit$$00000001)
    __rt_lib_init_alloca_1                   0x0800024b   Thumb Code     0  libinit2.o(.ARM.Collect$$libinit$$0000002E)
    __rt_lib_init_argv_1                     0x0800024b   Thumb Code     0  libinit2.o(.ARM.Collect$$libinit$$0000002C)
    __rt_lib_init_atexit_1                   0x0800024b   Thumb Code     0  libinit2.o(.ARM.Collect$$libinit$$0000001B)
    __rt_lib_init_clock_1                    0x0800024b   Thumb Code     0  libinit2.o(.ARM.Collect$$libinit$$00000021)
    __rt_lib_init_cpp_1                      0x0800024b   Thumb Code     0  libinit2.o(.ARM.Collect$$libinit$$00000032)
    __rt_lib_init_exceptions_1               0x0800024b   Thumb Code     0  libinit2.o(.ARM.Collect$$libinit$$00000030)
    __rt_lib_init_fp_trap_1                  0x0800024b   Thumb Code     0  libinit2.o(.ARM.Collect$$libinit$$0000001F)
    __rt_lib_init_getenv_1                   0x0800024b   Thumb Code     0  libinit2.o(.ARM.Collect$$libinit$$00000023)
    __rt_lib_init_heap_1                     0x0800024b   Thumb Code     0  libinit2.o(.ARM.Collect$$libinit$$0000000A)
    __rt_lib_init_lc_collate_1               0x0800024b   Thumb Code     0  libinit2.o(.ARM.Collect$$libinit$$00000011)
    __rt_lib_init_lc_ctype_1                 0x0800024b   Thumb Code     0  libinit2.o(.ARM.Collect$$libinit$$00000013)
    __rt_lib_init_lc_monetary_1              0x0800024b   Thumb Code     0  libinit2.o(.ARM.Collect$$libinit$$00000015)
    __rt_lib_init_lc_numeric_1               0x0800024b   Thumb Code     0  libinit2.o(.ARM.Collect$$libinit$$00000017)
    __rt_lib_init_lc_time_1                  0x0800024b   Thumb Code     0  libinit2.o(.ARM.Collect$$libinit$$00000019)
    __rt_lib_init_preinit_1                  0x0800024b   Thumb Code     0  libinit2.o(.ARM.Collect$$libinit$$00000004)
    __rt_lib_init_rand_1                     0x0800024b   Thumb Code     0  libinit2.o(.ARM.Collect$$libinit$$0000000E)
    __rt_lib_init_return                     0x0800024b   Thumb Code     0  libinit2.o(.ARM.Collect$$libinit$$00000033)
    __rt_lib_init_signal_1                   0x0800024b   Thumb Code     0  libinit2.o(.ARM.Collect$$libinit$$0000001D)
    __rt_lib_init_stdio_1                    0x0800024b   Thumb Code     0  libinit2.o(.ARM.Collect$$libinit$$00000025)
    __rt_lib_init_user_alloc_1               0x0800024b   Thumb Code     0  libinit2.o(.ARM.Collect$$libinit$$0000000C)
    __rt_lib_shutdown                        0x0800024d   Thumb Code     0  libshutdown.o(.ARM.Collect$$libshutdown$$00000000)
    __rt_lib_shutdown_cpp_1                  0x0800024f   Thumb Code     0  libshutdown2.o(.ARM.Collect$$libshutdown$$00000002)
    __rt_lib_shutdown_fp_trap_1              0x0800024f   Thumb Code     0  libshutdown2.o(.ARM.Collect$$libshutdown$$00000007)
    __rt_lib_shutdown_heap_1                 0x0800024f   Thumb Code     0  libshutdown2.o(.ARM.Collect$$libshutdown$$0000000F)
    __rt_lib_shutdown_return                 0x0800024f   Thumb Code     0  libshutdown2.o(.ARM.Collect$$libshutdown$$00000010)
    __rt_lib_shutdown_signal_1               0x0800024f   Thumb Code     0  libshutdown2.o(.ARM.Collect$$libshutdown$$0000000A)
    __rt_lib_shutdown_stdio_1                0x0800024f   Thumb Code     0  libshutdown2.o(.ARM.Collect$$libshutdown$$00000004)
    __rt_lib_shutdown_user_alloc_1           0x0800024f   Thumb Code     0  libshutdown2.o(.ARM.Collect$$libshutdown$$0000000C)
    __rt_entry                               0x08000251   Thumb Code     0  __rtentry.o(.ARM.Collect$$rtentry$$00000000)
    __rt_entry_presh_1                       0x08000251   Thumb Code     0  __rtentry2.o(.ARM.Collect$$rtentry$$00000002)
    __rt_entry_sh                            0x08000251   Thumb Code     0  __rtentry4.o(.ARM.Collect$$rtentry$$00000004)
    __rt_entry_li                            0x08000257   Thumb Code     0  __rtentry2.o(.ARM.Collect$$rtentry$$0000000A)
    __rt_entry_postsh_1                      0x08000257   Thumb Code     0  __rtentry2.o(.ARM.Collect$$rtentry$$00000009)
    __rt_entry_main                          0x0800025b   Thumb Code     0  __rtentry2.o(.ARM.Collect$$rtentry$$0000000D)
    __rt_entry_postli_1                      0x0800025b   Thumb Code     0  __rtentry2.o(.ARM.Collect$$rtentry$$0000000C)
    __rt_exit                                0x08000263   Thumb Code     0  rtexit.o(.ARM.Collect$$rtexit$$00000000)
    __rt_exit_ls                             0x08000265   Thumb Code     0  rtexit2.o(.ARM.Collect$$rtexit$$00000003)
    __rt_exit_prels_1                        0x08000265   Thumb Code     0  rtexit2.o(.ARM.Collect$$rtexit$$00000002)
    __rt_exit_exit                           0x08000269   Thumb Code     0  rtexit2.o(.ARM.Collect$$rtexit$$00000004)
    SVC_Handler                              0x08000271   Thumb Code    28  port.o(.emb_text)
    __asm___6_port_c_39a90d8d__prvStartFirstTask 0x08000291   Thumb Code    28  port.o(.emb_text)
    __asm___6_port_c_39a90d8d__prvEnableVFP  0x080002b1   Thumb Code    16  port.o(.emb_text)
    PendSV_Handler                           0x080002c5   Thumb Code    88  port.o(.emb_text)
    vPortGetIPSR                             0x08000321   Thumb Code     6  port.o(.emb_text)
    Reset_Handler                            0x08000329   Thumb Code     8  startup_stm32f40xx.o(.text)
    NMI_Handler                              0x08000331   Thumb Code     2  startup_stm32f40xx.o(.text)
    HardFault_Handler                        0x08000333   Thumb Code     2  startup_stm32f40xx.o(.text)
    MemManage_Handler                        0x08000335   Thumb Code     2  startup_stm32f40xx.o(.text)
    BusFault_Handler                         0x08000337   Thumb Code     2  startup_stm32f40xx.o(.text)
    UsageFault_Handler                       0x08000339   Thumb Code     2  startup_stm32f40xx.o(.text)
    DebugMon_Handler                         0x0800033d   Thumb Code     2  startup_stm32f40xx.o(.text)
    ADC_IRQHandler                           0x08000343   Thumb Code     0  startup_stm32f40xx.o(.text)
    CAN1_RX0_IRQHandler                      0x08000343   Thumb Code     0  startup_stm32f40xx.o(.text)
    CAN1_RX1_IRQHandler                      0x08000343   Thumb Code     0  startup_stm32f40xx.o(.text)
    CAN1_SCE_IRQHandler                      0x08000343   Thumb Code     0  startup_stm32f40xx.o(.text)
    CAN1_TX_IRQHandler                       0x08000343   Thumb Code     0  startup_stm32f40xx.o(.text)
    CAN2_RX0_IRQHandler                      0x08000343   Thumb Code     0  startup_stm32f40xx.o(.text)
    CAN2_RX1_IRQHandler                      0x08000343   Thumb Code     0  startup_stm32f40xx.o(.text)
    CAN2_SCE_IRQHandler                      0x08000343   Thumb Code     0  startup_stm32f40xx.o(.text)
    CAN2_TX_IRQHandler                       0x08000343   Thumb Code     0  startup_stm32f40xx.o(.text)
    CRYP_IRQHandler                          0x08000343   Thumb Code     0  startup_stm32f40xx.o(.text)
    DCMI_IRQHandler                          0x08000343   Thumb Code     0  startup_stm32f40xx.o(.text)
    DMA1_Stream0_IRQHandler                  0x08000343   Thumb Code     0  startup_stm32f40xx.o(.text)
    DMA1_Stream1_IRQHandler                  0x08000343   Thumb Code     0  startup_stm32f40xx.o(.text)
    DMA1_Stream2_IRQHandler                  0x08000343   Thumb Code     0  startup_stm32f40xx.o(.text)
    DMA1_Stream3_IRQHandler                  0x08000343   Thumb Code     0  startup_stm32f40xx.o(.text)
    DMA1_Stream4_IRQHandler                  0x08000343   Thumb Code     0  startup_stm32f40xx.o(.text)
    DMA1_Stream5_IRQHandler                  0x08000343   Thumb Code     0  startup_stm32f40xx.o(.text)
    DMA1_Stream6_IRQHandler                  0x08000343   Thumb Code     0  startup_stm32f40xx.o(.text)
    DMA1_Stream7_IRQHandler                  0x08000343   Thumb Code     0  startup_stm32f40xx.o(.text)
    DMA2_Stream0_IRQHandler                  0x08000343   Thumb Code     0  startup_stm32f40xx.o(.text)
    DMA2_Stream2_IRQHandler                  0x08000343   Thumb Code     0  startup_stm32f40xx.o(.text)
    DMA2_Stream3_IRQHandler                  0x08000343   Thumb Code     0  startup_stm32f40xx.o(.text)
    DMA2_Stream4_IRQHandler                  0x08000343   Thumb Code     0  startup_stm32f40xx.o(.text)
    DMA2_Stream5_IRQHandler                  0x08000343   Thumb Code     0  startup_stm32f40xx.o(.text)
    DMA2_Stream6_IRQHandler                  0x08000343   Thumb Code     0  startup_stm32f40xx.o(.text)
    DMA2_Stream7_IRQHandler                  0x08000343   Thumb Code     0  startup_stm32f40xx.o(.text)
    ETH_IRQHandler                           0x08000343   Thumb Code     0  startup_stm32f40xx.o(.text)
    ETH_WKUP_IRQHandler                      0x08000343   Thumb Code     0  startup_stm32f40xx.o(.text)
    EXTI0_IRQHandler                         0x08000343   Thumb Code     0  startup_stm32f40xx.o(.text)
    EXTI15_10_IRQHandler                     0x08000343   Thumb Code     0  startup_stm32f40xx.o(.text)
    EXTI1_IRQHandler                         0x08000343   Thumb Code     0  startup_stm32f40xx.o(.text)
    EXTI2_IRQHandler                         0x08000343   Thumb Code     0  startup_stm32f40xx.o(.text)
    EXTI3_IRQHandler                         0x08000343   Thumb Code     0  startup_stm32f40xx.o(.text)
    EXTI4_IRQHandler                         0x08000343   Thumb Code     0  startup_stm32f40xx.o(.text)
    EXTI9_5_IRQHandler                       0x08000343   Thumb Code     0  startup_stm32f40xx.o(.text)
    FLASH_IRQHandler                         0x08000343   Thumb Code     0  startup_stm32f40xx.o(.text)
    FPU_IRQHandler                           0x08000343   Thumb Code     0  startup_stm32f40xx.o(.text)
    FSMC_IRQHandler                          0x08000343   Thumb Code     0  startup_stm32f40xx.o(.text)
    HASH_RNG_IRQHandler                      0x08000343   Thumb Code     0  startup_stm32f40xx.o(.text)
    I2C1_ER_IRQHandler                       0x08000343   Thumb Code     0  startup_stm32f40xx.o(.text)
    I2C1_EV_IRQHandler                       0x08000343   Thumb Code     0  startup_stm32f40xx.o(.text)
    I2C2_ER_IRQHandler                       0x08000343   Thumb Code     0  startup_stm32f40xx.o(.text)
    I2C2_EV_IRQHandler                       0x08000343   Thumb Code     0  startup_stm32f40xx.o(.text)
    I2C3_ER_IRQHandler                       0x08000343   Thumb Code     0  startup_stm32f40xx.o(.text)
    I2C3_EV_IRQHandler                       0x08000343   Thumb Code     0  startup_stm32f40xx.o(.text)
    OTG_FS_IRQHandler                        0x08000343   Thumb Code     0  startup_stm32f40xx.o(.text)
    OTG_FS_WKUP_IRQHandler                   0x08000343   Thumb Code     0  startup_stm32f40xx.o(.text)
    OTG_HS_EP1_IN_IRQHandler                 0x08000343   Thumb Code     0  startup_stm32f40xx.o(.text)
    OTG_HS_EP1_OUT_IRQHandler                0x08000343   Thumb Code     0  startup_stm32f40xx.o(.text)
    OTG_HS_IRQHandler                        0x08000343   Thumb Code     0  startup_stm32f40xx.o(.text)
    OTG_HS_WKUP_IRQHandler                   0x08000343   Thumb Code     0  startup_stm32f40xx.o(.text)
    PVD_IRQHandler                           0x08000343   Thumb Code     0  startup_stm32f40xx.o(.text)
    RCC_IRQHandler                           0x08000343   Thumb Code     0  startup_stm32f40xx.o(.text)
    RTC_Alarm_IRQHandler                     0x08000343   Thumb Code     0  startup_stm32f40xx.o(.text)
    RTC_WKUP_IRQHandler                      0x08000343   Thumb Code     0  startup_stm32f40xx.o(.text)
    SDIO_IRQHandler                          0x08000343   Thumb Code     0  startup_stm32f40xx.o(.text)
    SPI1_IRQHandler                          0x08000343   Thumb Code     0  startup_stm32f40xx.o(.text)
    SPI2_IRQHandler                          0x08000343   Thumb Code     0  startup_stm32f40xx.o(.text)
    SPI3_IRQHandler                          0x08000343   Thumb Code     0  startup_stm32f40xx.o(.text)
    TAMP_STAMP_IRQHandler                    0x08000343   Thumb Code     0  startup_stm32f40xx.o(.text)
    TIM1_BRK_TIM9_IRQHandler                 0x08000343   Thumb Code     0  startup_stm32f40xx.o(.text)
    TIM1_CC_IRQHandler                       0x08000343   Thumb Code     0  startup_stm32f40xx.o(.text)
    TIM1_TRG_COM_TIM11_IRQHandler            0x08000343   Thumb Code     0  startup_stm32f40xx.o(.text)
    TIM1_UP_TIM10_IRQHandler                 0x08000343   Thumb Code     0  startup_stm32f40xx.o(.text)
    TIM3_IRQHandler                          0x08000343   Thumb Code     0  startup_stm32f40xx.o(.text)
    TIM5_IRQHandler                          0x08000343   Thumb Code     0  startup_stm32f40xx.o(.text)
    TIM6_DAC_IRQHandler                      0x08000343   Thumb Code     0  startup_stm32f40xx.o(.text)
    TIM7_IRQHandler                          0x08000343   Thumb Code     0  startup_stm32f40xx.o(.text)
    TIM8_BRK_TIM12_IRQHandler                0x08000343   Thumb Code     0  startup_stm32f40xx.o(.text)
    TIM8_CC_IRQHandler                       0x08000343   Thumb Code     0  startup_stm32f40xx.o(.text)
    TIM8_TRG_COM_TIM14_IRQHandler            0x08000343   Thumb Code     0  startup_stm32f40xx.o(.text)
    TIM8_UP_TIM13_IRQHandler                 0x08000343   Thumb Code     0  startup_stm32f40xx.o(.text)
    UART4_IRQHandler                         0x08000343   Thumb Code     0  startup_stm32f40xx.o(.text)
    UART5_IRQHandler                         0x08000343   Thumb Code     0  startup_stm32f40xx.o(.text)
    USART1_IRQHandler                        0x08000343   Thumb Code     0  startup_stm32f40xx.o(.text)
    USART2_IRQHandler                        0x08000343   Thumb Code     0  startup_stm32f40xx.o(.text)
    USART6_IRQHandler                        0x08000343   Thumb Code     0  startup_stm32f40xx.o(.text)
    WWDG_IRQHandler                          0x08000343   Thumb Code     0  startup_stm32f40xx.o(.text)
    __user_initial_stackheap                 0x08000345   Thumb Code     0  startup_stm32f40xx.o(.text)
    __aeabi_memcpy                           0x08000369   Thumb Code     0  rt_memcpy_v6.o(.text)
    __rt_memcpy                              0x08000369   Thumb Code   138  rt_memcpy_v6.o(.text)
    _memcpy_lastbytes                        0x080003cf   Thumb Code     0  rt_memcpy_v6.o(.text)
    __aeabi_memset                           0x080003f3   Thumb Code    16  aeabi_memset.o(.text)
    __use_two_region_memory                  0x08000403   Thumb Code     2  heapauxi.o(.text)
    __rt_heap_escrow$2region                 0x08000405   Thumb Code     2  heapauxi.o(.text)
    __rt_heap_expand$2region                 0x08000407   Thumb Code     2  heapauxi.o(.text)
    __aeabi_memcpy4                          0x08000409   Thumb Code     0  rt_memcpy_w.o(.text)
    __aeabi_memcpy8                          0x08000409   Thumb Code     0  rt_memcpy_w.o(.text)
    __rt_memcpy_w                            0x08000409   Thumb Code   100  rt_memcpy_w.o(.text)
    _memcpy_lastbytes_aligned                0x08000451   Thumb Code     0  rt_memcpy_w.o(.text)
    __aeabi_memclr                           0x0800046d   Thumb Code     0  rt_memclr.o(.text)
    __rt_memclr                              0x0800046d   Thumb Code    68  rt_memclr.o(.text)
    _memset                                  0x08000471   Thumb Code     0  rt_memclr.o(.text)
    __aeabi_memclr4                          0x080004b1   Thumb Code     0  rt_memclr_w.o(.text)
    __aeabi_memclr8                          0x080004b1   Thumb Code     0  rt_memclr_w.o(.text)
    __rt_memclr_w                            0x080004b1   Thumb Code    78  rt_memclr_w.o(.text)
    _memset_w                                0x080004b5   Thumb Code     0  rt_memclr_w.o(.text)
    __user_libspace                          0x08000501   Thumb Code     8  libspace.o(.text)
    __user_perproc_libspace                  0x08000501   Thumb Code     0  libspace.o(.text)
    __user_perthread_libspace                0x08000501   Thumb Code     0  libspace.o(.text)
    __user_setup_stackheap                   0x08000509   Thumb Code    74  sys_stackheap_outer.o(.text)
    exit                                     0x08000553   Thumb Code    18  exit.o(.text)
    _sys_exit                                0x08000565   Thumb Code     8  sys_exit.o(.text)
    __I$use$semihosting                      0x08000571   Thumb Code     0  use_no_semi.o(.text)
    __use_no_semihosting_swi                 0x08000571   Thumb Code     2  use_no_semi.o(.text)
    ADC_Cmd                                  0x08000573   Thumb Code    22  stm32f4xx_adc.o(i.ADC_Cmd)
    __semihosting_library_function           0x08000573   Thumb Code     0  indicate_semi.o(.text)
    ADC_CommonInit                           0x08000589   Thumb Code    34  stm32f4xx_adc.o(i.ADC_CommonInit)
    ADC_DMACmd                               0x08000639   Thumb Code    22  stm32f4xx_adc.o(i.ADC_DMACmd)
    ADC_DMARequestAfterLastTransferCmd       0x0800064f   Thumb Code    22  stm32f4xx_adc.o(i.ADC_DMARequestAfterLastTransferCmd)
    ADC_Init                                 0x08000665   Thumb Code    74  stm32f4xx_adc.o(i.ADC_Init)
    ADC_RegularChannelConfig                 0x080006b9   Thumb Code   184  stm32f4xx_adc.o(i.ADC_RegularChannelConfig)
    BluetoothReceive                         0x08000771   Thumb Code   982  bluetooth.o(i.BluetoothReceive)
    Bluetooth_Config                         0x08000b85   Thumb Code    74  bluetooth.o(i.Bluetooth_Config)
    Conv_Config                              0x08000bd5   Thumb Code    12  conversion.o(i.Conv_Config)
    Create_Tasks                             0x08000c71   Thumb Code   120  pedal.o(i.Create_Tasks)
    DAC_Cmd                                  0x08000d29   Thumb Code    34  stm32f4xx_dac.o(i.DAC_Cmd)
    DAC_Config                               0x08000d51   Thumb Code    30  conversion.o(i.DAC_Config)
    DAC_DMACmd                               0x08000d75   Thumb Code    38  stm32f4xx_dac.o(i.DAC_DMACmd)
    DAC_Init                                 0x08000da1   Thumb Code    46  stm32f4xx_dac.o(i.DAC_Init)
    DMA2_Stream1_IRQHandler                  0x08000dd5   Thumb Code    98  conversion.o(i.DMA2_Stream1_IRQHandler)
    DMA_ClearITPendingBit                    0x08000e51   Thumb Code    38  stm32f4xx_dma.o(i.DMA_ClearITPendingBit)
    DMA_Cmd                                  0x08000e85   Thumb Code    22  stm32f4xx_dma.o(i.DMA_Cmd)
    DMA_DeInit                               0x08000e9d   Thumb Code   324  stm32f4xx_dma.o(i.DMA_DeInit)
    DMA_GetITStatus                          0x08000ff5   Thumb Code    82  stm32f4xx_dma.o(i.DMA_GetITStatus)
    DMA_ITConfig                             0x08001059   Thumb Code    58  stm32f4xx_dma.o(i.DMA_ITConfig)
    DMA_Init                                 0x08001095   Thumb Code    82  stm32f4xx_dma.o(i.DMA_Init)
    Effects                                  0x080010ed   Thumb Code   330  effects.o(i.Effects)
    GPIO_Init                                0x080012b9   Thumb Code   144  stm32f4xx_gpio.o(i.GPIO_Init)
    GPIO_PinAFConfig                         0x08001349   Thumb Code    70  stm32f4xx_gpio.o(i.GPIO_PinAFConfig)
    GPIO_SetBits                             0x0800138f   Thumb Code     4  stm32f4xx_gpio.o(i.GPIO_SetBits)
    GPIO_ToggleBits                          0x08001393   Thumb Code     8  stm32f4xx_gpio.o(i.GPIO_ToggleBits)
    In_Buffered_Config                       0x0800148d   Thumb Code    54  pedal.o(i.In_Buffered_Config)
    Input_Config                             0x080014c9   Thumb Code    28  conversion.o(i.Input_Config)
    Input_Enable                             0x080014e5   Thumb Code    36  conversion.o(i.Input_Enable)
    NVIC_Init                                0x08001555   Thumb Code   106  misc.o(i.NVIC_Init)
    NVIC_PriorityGroupConfig                 0x080015cd   Thumb Code    10  misc.o(i.NVIC_PriorityGroupConfig)
    OutDMA_Config                            0x080015e1   Thumb Code   130  conversion.o(i.OutDMA_Config)
    OutGPIO_Config                           0x08001675   Thumb Code    28  conversion.o(i.OutGPIO_Config)
    OutRCC_Config                            0x08001695   Thumb Code    20  conversion.o(i.OutRCC_Config)
    Output_Config                            0x080016b1   Thumb Code    24  conversion.o(i.Output_Config)
    Output_Enable                            0x080016c9   Thumb Code    36  conversion.o(i.Output_Enable)
    RCC_AHB1PeriphClockCmd                   0x080016ed   Thumb Code    26  stm32f4xx_rcc.o(i.RCC_AHB1PeriphClockCmd)
    RCC_APB1PeriphClockCmd                   0x0800170d   Thumb Code    26  stm32f4xx_rcc.o(i.RCC_APB1PeriphClockCmd)
    RCC_APB2PeriphClockCmd                   0x0800172d   Thumb Code    26  stm32f4xx_rcc.o(i.RCC_APB2PeriphClockCmd)
    RCC_GetClocksFreq                        0x08001761   Thumb Code   214  stm32f4xx_rcc.o(i.RCC_GetClocksFreq)
    RF                                       0x08001849   Thumb Code   154  rf.o(i.RF)
    RF_Config                                0x080018f1   Thumb Code    56  rf.o(i.RF_Config)
    Run                                      0x08001931   Thumb Code   120  pedal.o(i.Run)
    SPI_Init                                 0x080019b9   Thumb Code    60  stm32f4xx_spi.o(i.SPI_Init)
    SPI_StructInit                           0x080019f5   Thumb Code    24  stm32f4xx_spi.o(i.SPI_StructInit)
    SysTick_Handler                          0x08001af9   Thumb Code    46  port.o(i.SysTick_Handler)
    SystemInit                               0x08001b2d   Thumb Code    88  system_stm32f4xx.o(i.SystemInit)
    TIM2_IRQHandler                          0x08001b95   Thumb Code    32  lcd_i2c.o(i.TIM2_IRQHandler)
    TIM4_Config                              0x08001bf1   Thumb Code    90  rf.o(i.TIM4_Config)
    TIM4_IRQHandler                          0x08001c51   Thumb Code    32  rf.o(i.TIM4_IRQHandler)
    TIM6_Config                              0x08001c7d   Thumb Code    62  conversion.o(i.TIM6_Config)
    TIM_ClearITPendingBit                    0x08001cc5   Thumb Code     6  stm32f4xx_tim.o(i.TIM_ClearITPendingBit)
    TIM_Cmd                                  0x08001ccb   Thumb Code    24  stm32f4xx_tim.o(i.TIM_Cmd)
    TIM_GetITStatus                          0x08001ce3   Thumb Code    34  stm32f4xx_tim.o(i.TIM_GetITStatus)
    TIM_ITConfig                             0x08001d05   Thumb Code    18  stm32f4xx_tim.o(i.TIM_ITConfig)
    TIM_SelectOutputTrigger                  0x08001d17   Thumb Code    18  stm32f4xx_tim.o(i.TIM_SelectOutputTrigger)
    TIM_TimeBaseInit                         0x08001d29   Thumb Code   104  stm32f4xx_tim.o(i.TIM_TimeBaseInit)
    TIM_TimeBaseStructInit                   0x08001dad   Thumb Code    18  stm32f4xx_tim.o(i.TIM_TimeBaseStructInit)
    TM_GPIO_GetPortSource                    0x08001dbf   Thumb Code    14  tm_stm32f4_gpio.o(i.TM_GPIO_GetPortSource)
    TM_GPIO_INT_EnableClock                  0x08001dcd   Thumb Code    28  tm_stm32f4_gpio.o(i.TM_GPIO_INT_EnableClock)
    TM_GPIO_INT_Init                         0x08001ded   Thumb Code   170  tm_stm32f4_gpio.o(i.TM_GPIO_INT_Init)
    TM_GPIO_Init                             0x08001e9d   Thumb Code    48  tm_stm32f4_gpio.o(i.TM_GPIO_Init)
    TM_GPIO_InitAlternate                    0x08001ecd   Thumb Code   110  tm_stm32f4_gpio.o(i.TM_GPIO_InitAlternate)
    TM_NRF24L01_DataReady                    0x08001f3b   Thumb Code    32  tm_stm32f4_nrf24l01.o(i.TM_NRF24L01_DataReady)
    TM_NRF24L01_GetData                      0x08001f5d   Thumb Code    50  tm_stm32f4_nrf24l01.o(i.TM_NRF24L01_GetData)
    TM_NRF24L01_GetStatus                    0x08001f9d   Thumb Code    30  tm_stm32f4_nrf24l01.o(i.TM_NRF24L01_GetStatus)
    TM_NRF24L01_Init                         0x08001fc5   Thumb Code   238  tm_stm32f4_nrf24l01.o(i.TM_NRF24L01_Init)
    TM_NRF24L01_InitPins                     0x080020c1   Thumb Code    58  tm_stm32f4_nrf24l01.o(i.TM_NRF24L01_InitPins)
    TM_NRF24L01_PowerUpRx                    0x08002101   Thumb Code    62  tm_stm32f4_nrf24l01.o(i.TM_NRF24L01_PowerUpRx)
    TM_NRF24L01_ReadRegister                 0x08002149   Thumb Code    42  tm_stm32f4_nrf24l01.o(i.TM_NRF24L01_ReadRegister)
    TM_NRF24L01_RxFifoEmpty                  0x0800217d   Thumb Code    16  tm_stm32f4_nrf24l01.o(i.TM_NRF24L01_RxFifoEmpty)
    TM_NRF24L01_SetChannel                   0x0800218d   Thumb Code    30  tm_stm32f4_nrf24l01.o(i.TM_NRF24L01_SetChannel)
    TM_NRF24L01_SetMyAddress                 0x080021b1   Thumb Code    30  tm_stm32f4_nrf24l01.o(i.TM_NRF24L01_SetMyAddress)
    TM_NRF24L01_SetRF                        0x080021d5   Thumb Code    72  tm_stm32f4_nrf24l01.o(i.TM_NRF24L01_SetRF)
    TM_NRF24L01_SetTxAddress                 0x08002221   Thumb Code    26  tm_stm32f4_nrf24l01.o(i.TM_NRF24L01_SetTxAddress)
    TM_NRF24L01_SoftwareReset                0x0800223b   Thumb Code   284  tm_stm32f4_nrf24l01.o(i.TM_NRF24L01_SoftwareReset)
    TM_NRF24L01_WriteRegister                0x08002359   Thumb Code    44  tm_stm32f4_nrf24l01.o(i.TM_NRF24L01_WriteRegister)
    TM_NRF24L01_WriteRegisterMulti           0x0800238d   Thumb Code    48  tm_stm32f4_nrf24l01.o(i.TM_NRF24L01_WriteRegisterMulti)
    TM_SPI1_INT_InitPins                     0x080023c5   Thumb Code    64  tm_stm32f4_spi.o(i.TM_SPI1_INT_InitPins)
    TM_SPI4_INT_InitPins                     0x08002411   Thumb Code    66  tm_stm32f4_spi.o(i.TM_SPI4_INT_InitPins)
    TM_SPI5_INT_InitPins                     0x0800245d   Thumb Code    86  tm_stm32f4_spi.o(i.TM_SPI5_INT_InitPins)
    TM_SPI6_INT_InitPins                     0x080024c1   Thumb Code    42  tm_stm32f4_spi.o(i.TM_SPI6_INT_InitPins)
    TM_SPI_Init                              0x080024f5   Thumb Code   120  tm_stm32f4_spi.o(i.TM_SPI_Init)
    TM_SPI_InitCustomPinsCallback            0x0800257d   Thumb Code     2  tm_stm32f4_spi.o(i.TM_SPI_InitCustomPinsCallback)
    TM_SPI_SendMulti                         0x080025c1   Thumb Code    80  tm_stm32f4_spi.o(i.TM_SPI_SendMulti)
    TM_SPI_WriteMulti                        0x08002611   Thumb Code    78  tm_stm32f4_spi.o(i.TM_SPI_WriteMulti)
    USART3_IRQHandler                        0x08002781   Thumb Code   102  bluetooth.o(i.USART3_IRQHandler)
    USART_ClearITPendingBit                  0x08002801   Thumb Code    30  stm32f4xx_usart.o(i.USART_ClearITPendingBit)
    USART_Cmd                                0x0800281f   Thumb Code    24  stm32f4xx_usart.o(i.USART_Cmd)
    USART_GetITStatus                        0x08002837   Thumb Code    84  stm32f4xx_usart.o(i.USART_GetITStatus)
    USART_ITConfig                           0x0800288b   Thumb Code    74  stm32f4xx_usart.o(i.USART_ITConfig)
    USART_Init                               0x080028d5   Thumb Code   204  stm32f4xx_usart.o(i.USART_Init)
    USART_ReceiveData                        0x080029a9   Thumb Code    10  stm32f4xx_usart.o(i.USART_ReceiveData)
    bp_iir_filter                            0x080029b3   Thumb Code   274  effects.o(i.bp_iir_filter)
    bp_iir_setup                             0x08002ac5   Thumb Code    84  effects.o(i.bp_iir_setup)
    chorus_effect                            0x08002b1d   Thumb Code   590  effects.o(i.chorus_effect)
    delay_effect                             0x08002dbd   Thumb Code   362  effects.o(i.delay_effect)
    distortion_effect                        0x08002f69   Thumb Code   400  effects.o(i.distortion_effect)
    main                                     0x0800312d   Thumb Code    54  main.o(i.main)
    map                                      0x08003169   Thumb Code    30  effects.o(i.map)
    octaver_effect                           0x08003189   Thumb Code   636  effects.o(i.octaver_effect)
    pvPortMalloc                             0x08003d1d   Thumb Code   164  heap_2.o(i.pvPortMalloc)
    pvTaskIncrementMutexHeldCount            0x08003dd5   Thumb Code    26  tasks.o(i.pvTaskIncrementMutexHeldCount)
    pxPortInitialiseStack                    0x08003df5   Thumb Code    38  port.o(i.pxPortInitialiseStack)
    reverb_effect                            0x08003e21   Thumb Code     2  effects.o(i.reverb_effect)
    tremolo_effect                           0x08003e25   Thumb Code   486  effects.o(i.tremolo_effect)
    uxListRemove                             0x08004051   Thumb Code    40  list.o(i.uxListRemove)
    vListInitialise                          0x08004079   Thumb Code    26  list.o(i.vListInitialise)
    vListInitialiseItem                      0x08004093   Thumb Code     6  list.o(i.vListInitialiseItem)
    vListInsert                              0x08004099   Thumb Code    52  list.o(i.vListInsert)
    vListInsertEnd                           0x080040cd   Thumb Code    24  list.o(i.vListInsertEnd)
    vPortEnterCritical                       0x080040e5   Thumb Code    76  port.o(i.vPortEnterCritical)
    vPortExitCritical                        0x08004139   Thumb Code    56  port.o(i.vPortExitCritical)
    vPortFree                                0x08004175   Thumb Code    56  heap_2.o(i.vPortFree)
    vPortSetupTimerInterrupt                 0x080041b5   Thumb Code    26  port.o(i.vPortSetupTimerInterrupt)
    vPortValidateInterruptPriority           0x080041d5   Thumb Code   106  port.o(i.vPortValidateInterruptPriority)
    vQueueAddToRegistry                      0x0800424d   Thumb Code    38  queue.o(i.vQueueAddToRegistry)
    vQueueWaitForMessageRestricted           0x08004279   Thumb Code    74  queue.o(i.vQueueWaitForMessageRestricted)
    vTaskDelete                              0x080042c5   Thumb Code   202  tasks.o(i.vTaskDelete)
    vTaskMissedYield                         0x080043b9   Thumb Code     8  tasks.o(i.vTaskMissedYield)
    vTaskPlaceOnEventList                    0x080043c5   Thumb Code    52  tasks.o(i.vTaskPlaceOnEventList)
    vTaskPlaceOnEventListRestricted          0x080043fd   Thumb Code    60  tasks.o(i.vTaskPlaceOnEventListRestricted)
    vTaskPriorityInherit                     0x0800443d   Thumb Code   164  tasks.o(i.vTaskPriorityInherit)
    vTaskSetTimeOutState                     0x080044ed   Thumb Code    38  tasks.o(i.vTaskSetTimeOutState)
    vTaskStartScheduler                      0x0800451d   Thumb Code   118  tasks.o(i.vTaskStartScheduler)
    vTaskSuspendAll                          0x080045b1   Thumb Code    12  tasks.o(i.vTaskSuspendAll)
    vTaskSwitchContext                       0x080045c1   Thumb Code   118  tasks.o(i.vTaskSwitchContext)
    volume_effect                            0x0800464d   Thumb Code   174  effects.o(i.volume_effect)
    wah_effect                               0x0800471d   Thumb Code   120  effects.o(i.wah_effect)
    xPortStartScheduler                      0x080047a1   Thumb Code   288  port.o(i.xPortStartScheduler)
    xQueueGenericCreate                      0x080048dd   Thumb Code    88  queue.o(i.xQueueGenericCreate)
    xQueueGenericReceive                     0x08004935   Thumb Code   446  queue.o(i.xQueueGenericReceive)
    xQueueGenericReset                       0x08004af9   Thumb Code   146  queue.o(i.xQueueGenericReset)
    xQueueGenericSend                        0x08004b91   Thumb Code   420  queue.o(i.xQueueGenericSend)
    xQueueGenericSendFromISR                 0x08004d39   Thumb Code   248  queue.o(i.xQueueGenericSendFromISR)
    xQueueGiveFromISR                        0x08004e31   Thumb Code   224  queue.o(i.xQueueGiveFromISR)
    xTaskCheckForTimeOut                     0x08004f11   Thumb Code   132  tasks.o(i.xTaskCheckForTimeOut)
    xTaskCreate                              0x08004f9d   Thumb Code    96  tasks.o(i.xTaskCreate)
    xTaskGetSchedulerState                   0x08004ffd   Thumb Code    24  tasks.o(i.xTaskGetSchedulerState)
    xTaskGetTickCount                        0x0800501d   Thumb Code     6  tasks.o(i.xTaskGetTickCount)
    xTaskIncrementTick                       0x08005029   Thumb Code   282  tasks.o(i.xTaskIncrementTick)
    xTaskPriorityDisinherit                  0x08005171   Thumb Code   188  tasks.o(i.xTaskPriorityDisinherit)
    xTaskRemoveFromEventList                 0x08005239   Thumb Code   128  tasks.o(i.xTaskRemoveFromEventList)
    xTaskResumeAll                           0x080052d1   Thumb Code   224  tasks.o(i.xTaskResumeAll)
    xTimerCreateTimerTask                    0x080053d5   Thumb Code    66  timers.o(i.xTimerCreateTimerTask)
    xTimerGenericCommand                     0x0800542d   Thumb Code   126  timers.o(i.xTimerGenericCommand)
    __aeabi_dadd                             0x080054b1   Thumb Code     0  daddsub_clz.o(x$fpl$dadd)
    _dadd                                    0x080054b1   Thumb Code   332  daddsub_clz.o(x$fpl$dadd)
    __aeabi_d2uiz                            0x08005601   Thumb Code     0  dfixu.o(x$fpl$dfixu)
    _dfixu                                   0x08005601   Thumb Code    90  dfixu.o(x$fpl$dfixu)
    __aeabi_i2d                              0x0800565b   Thumb Code     0  dflt_clz.o(x$fpl$dflt)
    _dflt                                    0x0800565b   Thumb Code    46  dflt_clz.o(x$fpl$dflt)
    __aeabi_dmul                             0x08005689   Thumb Code     0  dmul.o(x$fpl$dmul)
    _dmul                                    0x08005689   Thumb Code   332  dmul.o(x$fpl$dmul)
    __fpl_dnaninf                            0x080057dd   Thumb Code   156  dnaninf.o(x$fpl$dnaninf)
    __fpl_dretinf                            0x08005879   Thumb Code    12  dretinf.o(x$fpl$dretinf)
    __aeabi_dsub                             0x08005885   Thumb Code     0  daddsub_clz.o(x$fpl$dsub)
    _dsub                                    0x08005885   Thumb Code   464  daddsub_clz.o(x$fpl$dsub)
    _fp_init                                 0x08005a59   Thumb Code    10  fpinit.o(x$fpl$fpinit)
    __fplib_config_fpu_vfp                   0x08005a61   Thumb Code     0  fpinit.o(x$fpl$fpinit)
    __fplib_config_pureend_doubles           0x08005a61   Thumb Code     0  fpinit.o(x$fpl$fpinit)
    __I$use$fp                               0x08005a62   Number         0  usenofp.o(x$fpl$usenofp)
    Region$$Table$$Base                      0x08005a64   Number         0  anon$$obj.o(Region$$Table)
    Region$$Table$$Limit                     0x08005a84   Number         0  anon$$obj.o(Region$$Table)
    pxCurrentTCB                             0x20000000   Data           4  tasks.o(.data)
    PosInBuf                                 0x20000074   Data           2  main.o(.data)
    NegInBuf                                 0x20000076   Data           2  main.o(.data)
    PosBuf                                   0x20000078   Data           2  main.o(.data)
    NegBuf                                   0x2000007a   Data           2  main.o(.data)
    PosOutBuf                                0x2000007c   Data           2  main.o(.data)
    NegOutBuf                                0x2000007e   Data           2  main.o(.data)
    s_FXdist                                 0x20000084   Data           4  bluetooth.o(.data)
    s_FXreverb                               0x20000088   Data           8  bluetooth.o(.data)
    s_FXpitch                                0x20000090   Data           8  bluetooth.o(.data)
    s_FXvolume                               0x20000098   Data           8  bluetooth.o(.data)
    s_FXwah                                  0x200000a0   Data           8  bluetooth.o(.data)
    FXorder                                  0x200000a8   Data           5  bluetooth.o(.data)
    xSemaphore_BluetoothReceive              0x200000b0   Data           4  bluetooth.o(.data)
    xTask_BluetoothHandle                    0x200000bc   Data           4  pedal.o(.data)
    xTask_EffectsHandle                      0x200000c0   Data           4  pedal.o(.data)
    xTask_DisplayLCDHandle                   0x200000c4   Data           4  pedal.o(.data)
    xTask_RFHandle                           0x200000c8   Data           4  pedal.o(.data)
    xQueue_RF_Effect                         0x200000cc   Data           4  pedal.o(.data)
    counter                                  0x200000d0   Data           2  pedal.o(.data)
    xReturned                                0x200000d4   Data           4  pedal.o(.data)
    xSemaphore_SignalAcquisition             0x200000d8   Data           4  conversion.o(.data)
    xSemaphore_RF                            0x200000e0   Data           4  rf.o(.data)
    MyAddress                                0x200000e4   Data           5  rf.o(.data)
    TxAddress                                0x200000e9   Data           5  rf.o(.data)
    xSemaphore_DisplayLCD                    0x200000f8   Data           4  lcd_i2c.o(.data)
    buf                                      0x200000fc   Data           1  lcd_i2c.o(.data)
    PortData                                 0x200000fd   Data           1  lcd_i2c.o(.data)
    i                                        0x20000108   Data           4  effects.o(.data)
    PosGate                                  0x2000010c   Data           2  effects.o(.data)
    NegGate                                  0x2000010e   Data           2  effects.o(.data)
    Treshold                                 0x20000110   Data           4  effects.o(.data)
    GateRelease                              0x20000114   Data           4  effects.o(.data)
    GateDepth                                0x20000118   Data           4  effects.o(.data)
    PosGateCounter                           0x2000011c   Data           4  effects.o(.data)
    NegGateCounter                           0x20000120   Data           4  effects.o(.data)
    PosOffCounter                            0x20000124   Data           4  effects.o(.data)
    NegOffCounter                            0x20000128   Data           4  effects.o(.data)
    TurnOff                                  0x2000012c   Data           1  effects.o(.data)
    error                                    0x2000012d   Data           1  effects.o(.data)
    gain                                     0x20000130   Data           4  effects.o(.data)
    upper_threshold                          0x20000134   Data           2  effects.o(.data)
    lower_threshold                          0x20000136   Data           2  effects.o(.data)
    nSineTable                               0x20000138   Data        2000  effects.o(.data)
    no_samples                               0x20000908   Data           4  effects.o(.data)
    count                                    0x2000090c   Data           4  effects.o(.data)
    sample                                   0x20000910   Data           4  effects.o(.data)
    LFO                                      0x20000914   Data           4  effects.o(.data)
    depth                                    0x20000918   Data           4  effects.o(.data)
    rate                                     0x2000091c   Data           4  effects.o(.data)
    DelayCounter                             0x20000920   Data           4  effects.o(.data)
    Delay_Time                               0x20000924   Data           4  effects.o(.data)
    Delay_Feedback                           0x20000928   Data           4  effects.o(.data)
    write_pt                                 0x2000092c   Data           2  effects.o(.data)
    read_pt_A                                0x20000930   Data           4  effects.o(.data)
    read_pt_B                                0x20000934   Data           4  effects.o(.data)
    divider                                  0x20000938   Data           4  effects.o(.data)
    oct_volume                               0x2000093c   Data           4  effects.o(.data)
    dir_volume                               0x20000940   Data           4  effects.o(.data)
    octave                                   0x20000944   Data           2  effects.o(.data)
    Chorus_Depth                             0x20000948   Data           4  effects.o(.data)
    ChorusCounter                            0x2000094c   Data           4  effects.o(.data)
    Chorus_Rate                              0x20000950   Data           4  effects.o(.data)
    sample_chorus                            0x20000954   Data           4  effects.o(.data)
    LFO_chorus                               0x20000958   Data           4  effects.o(.data)
    count_chorus                             0x2000095c   Data           4  effects.o(.data)
    volume_depth                             0x20000960   Data           4  effects.o(.data)
    volume                                   0x20000968   Data           4  effects.o(.data)
    SystemCoreClock                          0x2000097c   Data           4  system_stm32f4xx.o(.data)
    AHBPrescTable                            0x20000980   Data          16  system_stm32f4xx.o(.data)
    xQueueRegistry                           0x20000994   Data          64  queue.o(.bss)
    s_FXtrem                                 0x200136ec   Data          12  bluetooth.o(.bss)
    s_FXchorus                               0x200136f8   Data          12  bluetooth.o(.bss)
    s_FXdelay                                0x20013704   Data          12  bluetooth.o(.bss)
    s_FXoctaver                              0x20013710   Data          12  bluetooth.o(.bss)
    preset                                   0x2001371c   Data         195  bluetooth.o(.bss)
    DAC_InitStructure                        0x200137e0   Data          16  conversion.o(.bss)
    s_wahfilter                              0x200137f0   Data          88  effects.o(.bss)
    PosDelayBuffer                           0x20013848   Data       37000  effects.o(.bss)
    PosOctaverBuffer                         0x2001c8d0   Data        4000  effects.o(.bss)
    NegOctaverBuffer                         0x2001d870   Data        4000  effects.o(.bss)
    PosChorusBuffer                          0x2001e810   Data        1000  effects.o(.bss)
    NegChorusBuffer                          0x2001ebf8   Data        1000  effects.o(.bss)
    __libspace_start                         0x2001f7c8   Data          96  libspace.o(.bss)
    __temporary_stack_top$libspace           0x2001f828   Data           0  libspace.o(.bss)



==============================================================================

Memory Map of the image

  Image Entry point : 0x08000329

  Load Region LR_1 (Base: 0x08000000, Size: 0x00006418, Max: 0xffffffff, ABSOLUTE, COMPRESSED[0x000061e0])

    Execution Region ER_RO (Exec base: 0x08000000, Load base: 0x08000000, Size: 0x00005a84, Max: 0xffffffff, ABSOLUTE)

    Exec Addr    Load Addr    Size         Type   Attr      Idx    E Section Name        Object

    0x08000000   0x08000000   0x00000188   Data   RO         3657    RESET               startup_stm32f40xx.o
    0x08000188   0x08000188   0x00000008   Code   RO         4233  * !!!main             c_w.l(__main.o)
    0x08000190   0x08000190   0x00000034   Code   RO         4549    !!!scatter          c_w.l(__scatter.o)
    0x080001c4   0x080001c4   0x00000064   Code   RO         4547    !!dclz77c           c_w.l(__dclz77c.o)
    0x08000228   0x08000228   0x0000001c   Code   RO         4551    !!handler_zi        c_w.l(__scatter_zi.o)
    0x08000244   0x08000244   0x00000002   Code   RO         4416    .ARM.Collect$$libinit$$00000000  c_w.l(libinit.o)
    0x08000246   0x08000246   0x00000004   Code   RO         4421    .ARM.Collect$$libinit$$00000001  c_w.l(libinit2.o)
    0x0800024a   0x0800024a   0x00000000   Code   RO         4424    .ARM.Collect$$libinit$$00000004  c_w.l(libinit2.o)
    0x0800024a   0x0800024a   0x00000000   Code   RO         4427    .ARM.Collect$$libinit$$0000000A  c_w.l(libinit2.o)
    0x0800024a   0x0800024a   0x00000000   Code   RO         4429    .ARM.Collect$$libinit$$0000000C  c_w.l(libinit2.o)
    0x0800024a   0x0800024a   0x00000000   Code   RO         4431    .ARM.Collect$$libinit$$0000000E  c_w.l(libinit2.o)
    0x0800024a   0x0800024a   0x00000000   Code   RO         4434    .ARM.Collect$$libinit$$00000011  c_w.l(libinit2.o)
    0x0800024a   0x0800024a   0x00000000   Code   RO         4436    .ARM.Collect$$libinit$$00000013  c_w.l(libinit2.o)
    0x0800024a   0x0800024a   0x00000000   Code   RO         4438    .ARM.Collect$$libinit$$00000015  c_w.l(libinit2.o)
    0x0800024a   0x0800024a   0x00000000   Code   RO         4440    .ARM.Collect$$libinit$$00000017  c_w.l(libinit2.o)
    0x0800024a   0x0800024a   0x00000000   Code   RO         4442    .ARM.Collect$$libinit$$00000019  c_w.l(libinit2.o)
    0x0800024a   0x0800024a   0x00000000   Code   RO         4444    .ARM.Collect$$libinit$$0000001B  c_w.l(libinit2.o)
    0x0800024a   0x0800024a   0x00000000   Code   RO         4446    .ARM.Collect$$libinit$$0000001D  c_w.l(libinit2.o)
    0x0800024a   0x0800024a   0x00000000   Code   RO         4448    .ARM.Collect$$libinit$$0000001F  c_w.l(libinit2.o)
    0x0800024a   0x0800024a   0x00000000   Code   RO         4450    .ARM.Collect$$libinit$$00000021  c_w.l(libinit2.o)
    0x0800024a   0x0800024a   0x00000000   Code   RO         4452    .ARM.Collect$$libinit$$00000023  c_w.l(libinit2.o)
    0x0800024a   0x0800024a   0x00000000   Code   RO         4454    .ARM.Collect$$libinit$$00000025  c_w.l(libinit2.o)
    0x0800024a   0x0800024a   0x00000000   Code   RO         4458    .ARM.Collect$$libinit$$0000002C  c_w.l(libinit2.o)
    0x0800024a   0x0800024a   0x00000000   Code   RO         4460    .ARM.Collect$$libinit$$0000002E  c_w.l(libinit2.o)
    0x0800024a   0x0800024a   0x00000000   Code   RO         4462    .ARM.Collect$$libinit$$00000030  c_w.l(libinit2.o)
    0x0800024a   0x0800024a   0x00000000   Code   RO         4464    .ARM.Collect$$libinit$$00000032  c_w.l(libinit2.o)
    0x0800024a   0x0800024a   0x00000002   Code   RO         4465    .ARM.Collect$$libinit$$00000033  c_w.l(libinit2.o)
    0x0800024c   0x0800024c   0x00000002   Code   RO         4487    .ARM.Collect$$libshutdown$$00000000  c_w.l(libshutdown.o)
    0x0800024e   0x0800024e   0x00000000   Code   RO         4500    .ARM.Collect$$libshutdown$$00000002  c_w.l(libshutdown2.o)
    0x0800024e   0x0800024e   0x00000000   Code   RO         4502    .ARM.Collect$$libshutdown$$00000004  c_w.l(libshutdown2.o)
    0x0800024e   0x0800024e   0x00000000   Code   RO         4505    .ARM.Collect$$libshutdown$$00000007  c_w.l(libshutdown2.o)
    0x0800024e   0x0800024e   0x00000000   Code   RO         4508    .ARM.Collect$$libshutdown$$0000000A  c_w.l(libshutdown2.o)
    0x0800024e   0x0800024e   0x00000000   Code   RO         4510    .ARM.Collect$$libshutdown$$0000000C  c_w.l(libshutdown2.o)
    0x0800024e   0x0800024e   0x00000000   Code   RO         4513    .ARM.Collect$$libshutdown$$0000000F  c_w.l(libshutdown2.o)
    0x0800024e   0x0800024e   0x00000002   Code   RO         4514    .ARM.Collect$$libshutdown$$00000010  c_w.l(libshutdown2.o)
    0x08000250   0x08000250   0x00000000   Code   RO         4307    .ARM.Collect$$rtentry$$00000000  c_w.l(__rtentry.o)
    0x08000250   0x08000250   0x00000000   Code   RO         4375    .ARM.Collect$$rtentry$$00000002  c_w.l(__rtentry2.o)
    0x08000250   0x08000250   0x00000006   Code   RO         4387    .ARM.Collect$$rtentry$$00000004  c_w.l(__rtentry4.o)
    0x08000256   0x08000256   0x00000000   Code   RO         4377    .ARM.Collect$$rtentry$$00000009  c_w.l(__rtentry2.o)
    0x08000256   0x08000256   0x00000004   Code   RO         4378    .ARM.Collect$$rtentry$$0000000A  c_w.l(__rtentry2.o)
    0x0800025a   0x0800025a   0x00000000   Code   RO         4380    .ARM.Collect$$rtentry$$0000000C  c_w.l(__rtentry2.o)
    0x0800025a   0x0800025a   0x00000008   Code   RO         4381    .ARM.Collect$$rtentry$$0000000D  c_w.l(__rtentry2.o)
    0x08000262   0x08000262   0x00000002   Code   RO         4419    .ARM.Collect$$rtexit$$00000000  c_w.l(rtexit.o)
    0x08000264   0x08000264   0x00000000   Code   RO         4469    .ARM.Collect$$rtexit$$00000002  c_w.l(rtexit2.o)
    0x08000264   0x08000264   0x00000004   Code   RO         4470    .ARM.Collect$$rtexit$$00000003  c_w.l(rtexit2.o)
    0x08000268   0x08000268   0x00000006   Code   RO         4471    .ARM.Collect$$rtexit$$00000004  c_w.l(rtexit2.o)
    0x0800026e   0x0800026e   0x00000002   PAD
    0x08000270   0x08000270   0x000000b6   Code   RO          798    .emb_text           port.o
    0x08000326   0x08000326   0x00000002   PAD
    0x08000328   0x08000328   0x00000040   Code   RO         3658  * .text               startup_stm32f40xx.o
    0x08000368   0x08000368   0x0000008a   Code   RO         4227    .text               c_w.l(rt_memcpy_v6.o)
    0x080003f2   0x080003f2   0x00000010   Code   RO         4229    .text               c_w.l(aeabi_memset.o)
    0x08000402   0x08000402   0x00000006   Code   RO         4231    .text               c_w.l(heapauxi.o)
    0x08000408   0x08000408   0x00000064   Code   RO         4310    .text               c_w.l(rt_memcpy_w.o)
    0x0800046c   0x0800046c   0x00000044   Code   RO         4312    .text               c_w.l(rt_memclr.o)
    0x080004b0   0x080004b0   0x0000004e   Code   RO         4394    .text               c_w.l(rt_memclr_w.o)
    0x080004fe   0x080004fe   0x00000002   PAD
    0x08000500   0x08000500   0x00000008   Code   RO         4404    .text               c_w.l(libspace.o)
    0x08000508   0x08000508   0x0000004a   Code   RO         4407    .text               c_w.l(sys_stackheap_outer.o)
    0x08000552   0x08000552   0x00000012   Code   RO         4409    .text               c_w.l(exit.o)
    0x08000564   0x08000564   0x0000000c   Code   RO         4479    .text               c_w.l(sys_exit.o)
    0x08000570   0x08000570   0x00000002   Code   RO         4490    .text               c_w.l(use_no_semi.o)
    0x08000572   0x08000572   0x00000000   Code   RO         4492    .text               c_w.l(indicate_semi.o)
    0x08000572   0x08000572   0x00000016   Code   RO         1615    i.ADC_Cmd           stm32f4xx_adc.o
    0x08000588   0x08000588   0x00000030   Code   RO         1616    i.ADC_CommonInit    stm32f4xx_adc.o
    0x080005b8   0x080005b8   0x00000080   Code   RO         1175    i.ADC_Config        conversion.o
    0x08000638   0x08000638   0x00000016   Code   RO         1619    i.ADC_DMACmd        stm32f4xx_adc.o
    0x0800064e   0x0800064e   0x00000016   Code   RO         1620    i.ADC_DMARequestAfterLastTransferCmd  stm32f4xx_adc.o
    0x08000664   0x08000664   0x00000054   Code   RO         1635    i.ADC_Init          stm32f4xx_adc.o
    0x080006b8   0x080006b8   0x000000b8   Code   RO         1640    i.ADC_RegularChannelConfig  stm32f4xx_adc.o
    0x08000770   0x08000770   0x00000414   Code   RO         1064    i.BluetoothReceive  bluetooth.o
    0x08000b84   0x08000b84   0x00000050   Code   RO         1065    i.Bluetooth_Config  bluetooth.o
    0x08000bd4   0x08000bd4   0x0000000c   Code   RO         1176    i.Conv_Config       conversion.o
    0x08000be0   0x08000be0   0x00000024   Code   RO         1122    i.Create_Queues     pedal.o
    0x08000c04   0x08000c04   0x0000006c   Code   RO         1123    i.Create_Semaphores  pedal.o
    0x08000c70   0x08000c70   0x000000b8   Code   RO         1124    i.Create_Tasks      pedal.o
    0x08000d28   0x08000d28   0x00000028   Code   RO         3283    i.DAC_Cmd           stm32f4xx_dac.o
    0x08000d50   0x08000d50   0x00000024   Code   RO         1177    i.DAC_Config        conversion.o
    0x08000d74   0x08000d74   0x0000002c   Code   RO         3284    i.DAC_DMACmd        stm32f4xx_dac.o
    0x08000da0   0x08000da0   0x00000034   Code   RO         3291    i.DAC_Init          stm32f4xx_dac.o
    0x08000dd4   0x08000dd4   0x0000007c   Code   RO         1178    i.DMA2_Stream1_IRQHandler  conversion.o
    0x08000e50   0x08000e50   0x00000034   Code   RO         3666    i.DMA_ClearITPendingBit  stm32f4xx_dma.o
    0x08000e84   0x08000e84   0x00000016   Code   RO         3667    i.DMA_Cmd           stm32f4xx_dma.o
    0x08000e9a   0x08000e9a   0x00000002   PAD
    0x08000e9c   0x08000e9c   0x00000158   Code   RO         3668    i.DMA_DeInit        stm32f4xx_dma.o
    0x08000ff4   0x08000ff4   0x00000064   Code   RO         3677    i.DMA_GetITStatus   stm32f4xx_dma.o
    0x08001058   0x08001058   0x0000003a   Code   RO         3678    i.DMA_ITConfig      stm32f4xx_dma.o
    0x08001092   0x08001092   0x00000002   PAD
    0x08001094   0x08001094   0x00000058   Code   RO         3679    i.DMA_Init          stm32f4xx_dma.o
    0x080010ec   0x080010ec   0x0000018c   Code   RO         1495    i.Effects           effects.o
    0x08001278   0x08001278   0x00000040   Code   RO         1066    i.GPIO_Configuration  bluetooth.o
    0x080012b8   0x080012b8   0x00000090   Code   RO         1856    i.GPIO_Init         stm32f4xx_gpio.o
    0x08001348   0x08001348   0x00000046   Code   RO         1857    i.GPIO_PinAFConfig  stm32f4xx_gpio.o
    0x0800138e   0x0800138e   0x00000004   Code   RO         1864    i.GPIO_SetBits      stm32f4xx_gpio.o
    0x08001392   0x08001392   0x00000008   Code   RO         1866    i.GPIO_ToggleBits   stm32f4xx_gpio.o
    0x0800139a   0x0800139a   0x00000002   PAD
    0x0800139c   0x0800139c   0x000000a4   Code   RO         1179    i.InDMA_Config      conversion.o
    0x08001440   0x08001440   0x00000020   Code   RO         1180    i.InGPIO_Config     conversion.o
    0x08001460   0x08001460   0x0000002c   Code   RO         1181    i.InRCC_Config      conversion.o
    0x0800148c   0x0800148c   0x0000003c   Code   RO         1125    i.In_Buffered_Config  pedal.o
    0x080014c8   0x080014c8   0x0000001c   Code   RO         1182    i.Input_Config      conversion.o
    0x080014e4   0x080014e4   0x0000002c   Code   RO         1184    i.Input_Enable      conversion.o
    0x08001510   0x08001510   0x00000022   Code   RO         1185    i.NVIC_Config       conversion.o
    0x08001532   0x08001532   0x00000022   Code   RO         1067    i.NVIC_Configuration  bluetooth.o
    0x08001554   0x08001554   0x00000078   Code   RO         3401    i.NVIC_Init         misc.o
    0x080015cc   0x080015cc   0x00000014   Code   RO         3402    i.NVIC_PriorityGroupConfig  misc.o
    0x080015e0   0x080015e0   0x00000094   Code   RO         1186    i.OutDMA_Config     conversion.o
    0x08001674   0x08001674   0x00000020   Code   RO         1187    i.OutGPIO_Config    conversion.o
    0x08001694   0x08001694   0x0000001c   Code   RO         1188    i.OutRCC_Config     conversion.o
    0x080016b0   0x080016b0   0x00000018   Code   RO         1189    i.Output_Config     conversion.o
    0x080016c8   0x080016c8   0x00000024   Code   RO         1191    i.Output_Enable     conversion.o
    0x080016ec   0x080016ec   0x00000020   Code   RO         2185    i.RCC_AHB1PeriphClockCmd  stm32f4xx_rcc.o
    0x0800170c   0x0800170c   0x00000020   Code   RO         2194    i.RCC_APB1PeriphClockCmd  stm32f4xx_rcc.o
    0x0800172c   0x0800172c   0x00000020   Code   RO         2197    i.RCC_APB2PeriphClockCmd  stm32f4xx_rcc.o
    0x0800174c   0x0800174c   0x00000014   Code   RO         1068    i.RCC_Configuration  bluetooth.o
    0x08001760   0x08001760   0x000000e8   Code   RO         2206    i.RCC_GetClocksFreq  stm32f4xx_rcc.o
    0x08001848   0x08001848   0x000000a8   Code   RO         1309    i.RF                rf.o
    0x080018f0   0x080018f0   0x00000040   Code   RO         1310    i.RF_Config         rf.o
    0x08001930   0x08001930   0x00000088   Code   RO         1126    i.Run               pedal.o
    0x080019b8   0x080019b8   0x0000003c   Code   RO         3468    i.SPI_Init          stm32f4xx_spi.o
    0x080019f4   0x080019f4   0x00000018   Code   RO         3471    i.SPI_StructInit    stm32f4xx_spi.o
    0x08001a0c   0x08001a0c   0x000000ec   Code   RO         3617    i.SetSysClock       system_stm32f4xx.o
    0x08001af8   0x08001af8   0x00000034   Code   RO          799    i.SysTick_Handler   port.o
    0x08001b2c   0x08001b2c   0x00000068   Code   RO         3619    i.SystemInit        system_stm32f4xx.o
    0x08001b94   0x08001b94   0x00000028   Code   RO         1372    i.TIM2_IRQHandler   lcd_i2c.o
    0x08001bbc   0x08001bbc   0x00000034   Code   RO         1192    i.TIM3_Config       conversion.o
    0x08001bf0   0x08001bf0   0x00000060   Code   RO         1311    i.TIM4_Config       rf.o
    0x08001c50   0x08001c50   0x0000002c   Code   RO         1312    i.TIM4_IRQHandler   rf.o
    0x08001c7c   0x08001c7c   0x00000048   Code   RO         1193    i.TIM6_Config       conversion.o
    0x08001cc4   0x08001cc4   0x00000006   Code   RO         2534    i.TIM_ClearITPendingBit  stm32f4xx_tim.o
    0x08001cca   0x08001cca   0x00000018   Code   RO         2539    i.TIM_Cmd           stm32f4xx_tim.o
    0x08001ce2   0x08001ce2   0x00000022   Code   RO         2560    i.TIM_GetITStatus   stm32f4xx_tim.o
    0x08001d04   0x08001d04   0x00000012   Code   RO         2564    i.TIM_ITConfig      stm32f4xx_tim.o
    0x08001d16   0x08001d16   0x00000012   Code   RO         2597    i.TIM_SelectOutputTrigger  stm32f4xx_tim.o
    0x08001d28   0x08001d28   0x00000084   Code   RO         2611    i.TIM_TimeBaseInit  stm32f4xx_tim.o
    0x08001dac   0x08001dac   0x00000012   Code   RO         2612    i.TIM_TimeBaseStructInit  stm32f4xx_tim.o
    0x08001dbe   0x08001dbe   0x0000000e   Code   RO         3996    i.TM_GPIO_GetPortSource  tm_stm32f4_gpio.o
    0x08001dcc   0x08001dcc   0x00000020   Code   RO         3999    i.TM_GPIO_INT_EnableClock  tm_stm32f4_gpio.o
    0x08001dec   0x08001dec   0x000000b0   Code   RO         4000    i.TM_GPIO_INT_Init  tm_stm32f4_gpio.o
    0x08001e9c   0x08001e9c   0x00000030   Code   RO         4001    i.TM_GPIO_Init      tm_stm32f4_gpio.o
    0x08001ecc   0x08001ecc   0x0000006e   Code   RO         4002    i.TM_GPIO_InitAlternate  tm_stm32f4_gpio.o
    0x08001f3a   0x08001f3a   0x00000020   Code   RO         3827    i.TM_NRF24L01_DataReady  tm_stm32f4_nrf24l01.o
    0x08001f5a   0x08001f5a   0x00000002   PAD
    0x08001f5c   0x08001f5c   0x00000040   Code   RO         3828    i.TM_NRF24L01_GetData  tm_stm32f4_nrf24l01.o
    0x08001f9c   0x08001f9c   0x00000028   Code   RO         3830    i.TM_NRF24L01_GetStatus  tm_stm32f4_nrf24l01.o
    0x08001fc4   0x08001fc4   0x000000fc   Code   RO         3832    i.TM_NRF24L01_Init  tm_stm32f4_nrf24l01.o
    0x080020c0   0x080020c0   0x00000040   Code   RO         3833    i.TM_NRF24L01_InitPins  tm_stm32f4_nrf24l01.o
    0x08002100   0x08002100   0x00000048   Code   RO         3835    i.TM_NRF24L01_PowerUpRx  tm_stm32f4_nrf24l01.o
    0x08002148   0x08002148   0x00000034   Code   RO         3838    i.TM_NRF24L01_ReadRegister  tm_stm32f4_nrf24l01.o
    0x0800217c   0x0800217c   0x00000010   Code   RO         3840    i.TM_NRF24L01_RxFifoEmpty  tm_stm32f4_nrf24l01.o
    0x0800218c   0x0800218c   0x00000024   Code   RO         3841    i.TM_NRF24L01_SetChannel  tm_stm32f4_nrf24l01.o
    0x080021b0   0x080021b0   0x00000024   Code   RO         3842    i.TM_NRF24L01_SetMyAddress  tm_stm32f4_nrf24l01.o
    0x080021d4   0x080021d4   0x0000004c   Code   RO         3843    i.TM_NRF24L01_SetRF  tm_stm32f4_nrf24l01.o
    0x08002220   0x08002220   0x0000001a   Code   RO         3844    i.TM_NRF24L01_SetTxAddress  tm_stm32f4_nrf24l01.o
    0x0800223a   0x0800223a   0x0000011c   Code   RO         3845    i.TM_NRF24L01_SoftwareReset  tm_stm32f4_nrf24l01.o
    0x08002356   0x08002356   0x00000002   PAD
    0x08002358   0x08002358   0x00000034   Code   RO         3848    i.TM_NRF24L01_WriteRegister  tm_stm32f4_nrf24l01.o
    0x0800238c   0x0800238c   0x00000038   Code   RO         3849    i.TM_NRF24L01_WriteRegisterMulti  tm_stm32f4_nrf24l01.o
    0x080023c4   0x080023c4   0x0000004c   Code   RO         4109    i.TM_SPI1_INT_InitPins  tm_stm32f4_spi.o
    0x08002410   0x08002410   0x0000004c   Code   RO         4110    i.TM_SPI4_INT_InitPins  tm_stm32f4_spi.o
    0x0800245c   0x0800245c   0x00000064   Code   RO         4111    i.TM_SPI5_INT_InitPins  tm_stm32f4_spi.o
    0x080024c0   0x080024c0   0x00000034   Code   RO         4112    i.TM_SPI6_INT_InitPins  tm_stm32f4_spi.o
    0x080024f4   0x080024f4   0x00000088   Code   RO         4114    i.TM_SPI_Init       tm_stm32f4_spi.o
    0x0800257c   0x0800257c   0x00000002   Code   RO         4115    i.TM_SPI_InitCustomPinsCallback  tm_stm32f4_spi.o
    0x0800257e   0x0800257e   0x00000042   Code   RO         3850    i.TM_SPI_Send       tm_stm32f4_nrf24l01.o
    0x080025c0   0x080025c0   0x00000050   Code   RO         4120    i.TM_SPI_SendMulti  tm_stm32f4_spi.o
    0x08002610   0x08002610   0x0000004e   Code   RO         4123    i.TM_SPI_WriteMulti  tm_stm32f4_spi.o
    0x0800265e   0x0800265e   0x00000002   PAD
    0x08002660   0x08002660   0x00000120   Code   RO         4125    i.TM_SPIx_Init      tm_stm32f4_spi.o
    0x08002780   0x08002780   0x00000080   Code   RO         1069    i.USART3_IRQHandler  bluetooth.o
    0x08002800   0x08002800   0x0000001e   Code   RO         3090    i.USART_ClearITPendingBit  stm32f4xx_usart.o
    0x0800281e   0x0800281e   0x00000018   Code   RO         3093    i.USART_Cmd         stm32f4xx_usart.o
    0x08002836   0x08002836   0x00000054   Code   RO         3097    i.USART_GetITStatus  stm32f4xx_usart.o
    0x0800288a   0x0800288a   0x0000004a   Code   RO         3099    i.USART_ITConfig    stm32f4xx_usart.o
    0x080028d4   0x080028d4   0x000000d4   Code   RO         3100    i.USART_Init        stm32f4xx_usart.o
    0x080029a8   0x080029a8   0x0000000a   Code   RO         3107    i.USART_ReceiveData  stm32f4xx_usart.o
    0x080029b2   0x080029b2   0x00000112   Code   RO         1496    i.bp_iir_filter     effects.o
    0x08002ac4   0x08002ac4   0x00000058   Code   RO         1498    i.bp_iir_setup      effects.o
    0x08002b1c   0x08002b1c   0x000002a0   Code   RO         1499    i.chorus_effect     effects.o
    0x08002dbc   0x08002dbc   0x000001ac   Code   RO         1500    i.delay_effect      effects.o
    0x08002f68   0x08002f68   0x000001c4   Code   RO         1501    i.distortion_effect  effects.o
    0x0800312c   0x0800312c   0x0000003c   Code   RO          885    i.main              main.o
    0x08003168   0x08003168   0x0000001e   Code   RO         1502    i.map               effects.o
    0x08003186   0x08003186   0x00000002   PAD
    0x08003188   0x08003188   0x000002bc   Code   RO         1504    i.octaver_effect    effects.o
    0x08003444   0x08003444   0x00000098   Code   RO          287    i.prvAddCurrentTaskToDelayedList  tasks.o
    0x080034dc   0x080034dc   0x000000b8   Code   RO          288    i.prvAddNewTaskToReadyList  tasks.o
    0x08003594   0x08003594   0x00000064   Code   RO          627    i.prvCheckForValidListAndQueue  timers.o
    0x080035f8   0x080035f8   0x00000064   Code   RO          289    i.prvCheckTasksWaitingTermination  tasks.o
    0x0800365c   0x0800365c   0x0000002a   Code   RO           74    i.prvCopyDataFromQueue  queue.o
    0x08003686   0x08003686   0x0000007c   Code   RO           75    i.prvCopyDataToQueue  queue.o
    0x08003702   0x08003702   0x00000012   Code   RO          290    i.prvDeleteTCB      tasks.o
    0x08003714   0x08003714   0x00000028   Code   RO          628    i.prvGetNextExpireTime  timers.o
    0x0800373c   0x0800373c   0x00000038   Code   RO          757    i.prvHeapInit       heap_2.o
    0x08003774   0x08003774   0x00000028   Code   RO          291    i.prvIdleTask       tasks.o
    0x0800379c   0x0800379c   0x0000002a   Code   RO           77    i.prvInitialiseNewQueue  queue.o
    0x080037c6   0x080037c6   0x000000b4   Code   RO          292    i.prvInitialiseNewTask  tasks.o
    0x0800387a   0x0800387a   0x00000002   PAD
    0x0800387c   0x0800387c   0x00000068   Code   RO          293    i.prvInitialiseTaskLists  tasks.o
    0x080038e4   0x080038e4   0x00000058   Code   RO          630    i.prvInsertTimerInActiveList  timers.o
    0x0800393c   0x0800393c   0x0000001a   Code   RO           78    i.prvIsQueueEmpty   queue.o
    0x08003956   0x08003956   0x0000001e   Code   RO           79    i.prvIsQueueFull    queue.o
    0x08003974   0x08003974   0x00000064   Code   RO          631    i.prvProcessExpiredTimer  timers.o
    0x080039d8   0x080039d8   0x000000f8   Code   RO          632    i.prvProcessReceivedCommands  timers.o
    0x08003ad0   0x08003ad0   0x00000074   Code   RO          633    i.prvProcessTimerOrBlockTask  timers.o
    0x08003b44   0x08003b44   0x00000034   Code   RO          295    i.prvResetNextTaskUnblockTime  tasks.o
    0x08003b78   0x08003b78   0x0000002c   Code   RO          634    i.prvSampleTimeNow  timers.o
    0x08003ba4   0x08003ba4   0x000000a0   Code   RO          635    i.prvSwitchTimerLists  timers.o
    0x08003c44   0x08003c44   0x00000040   Code   RO          800    i.prvTaskExitError  port.o
    0x08003c84   0x08003c84   0x0000001a   Code   RO          636    i.prvTimerTask      timers.o
    0x08003c9e   0x08003c9e   0x0000007e   Code   RO           80    i.prvUnlockQueue    queue.o
    0x08003d1c   0x08003d1c   0x000000b8   Code   RO          758    i.pvPortMalloc      heap_2.o
    0x08003dd4   0x08003dd4   0x00000020   Code   RO          298    i.pvTaskIncrementMutexHeldCount  tasks.o
    0x08003df4   0x08003df4   0x0000002c   Code   RO          801    i.pxPortInitialiseStack  port.o
    0x08003e20   0x08003e20   0x00000002   Code   RO         1505    i.reverb_effect     effects.o
    0x08003e22   0x08003e22   0x00000002   PAD
    0x08003e24   0x08003e24   0x0000022c   Code   RO         1506    i.tremolo_effect    effects.o
    0x08004050   0x08004050   0x00000028   Code   RO            1    i.uxListRemove      list.o
    0x08004078   0x08004078   0x0000001a   Code   RO            2    i.vListInitialise   list.o
    0x08004092   0x08004092   0x00000006   Code   RO            3    i.vListInitialiseItem  list.o
    0x08004098   0x08004098   0x00000034   Code   RO            4    i.vListInsert       list.o
    0x080040cc   0x080040cc   0x00000018   Code   RO            5    i.vListInsertEnd    list.o
    0x080040e4   0x080040e4   0x00000054   Code   RO          803    i.vPortEnterCritical  port.o
    0x08004138   0x08004138   0x0000003c   Code   RO          804    i.vPortExitCritical  port.o
    0x08004174   0x08004174   0x00000040   Code   RO          759    i.vPortFree         heap_2.o
    0x080041b4   0x080041b4   0x00000020   Code   RO          805    i.vPortSetupTimerInterrupt  port.o
    0x080041d4   0x080041d4   0x00000078   Code   RO          806    i.vPortValidateInterruptPriority  port.o
    0x0800424c   0x0800424c   0x0000002c   Code   RO           86    i.vQueueAddToRegistry  queue.o
    0x08004278   0x08004278   0x0000004a   Code   RO           90    i.vQueueWaitForMessageRestricted  queue.o
    0x080042c2   0x080042c2   0x00000002   PAD
    0x080042c4   0x080042c4   0x000000f4   Code   RO          308    i.vTaskDelete       tasks.o
    0x080043b8   0x080043b8   0x0000000c   Code   RO          311    i.vTaskMissedYield  tasks.o
    0x080043c4   0x080043c4   0x00000038   Code   RO          313    i.vTaskPlaceOnEventList  tasks.o
    0x080043fc   0x080043fc   0x00000040   Code   RO          314    i.vTaskPlaceOnEventListRestricted  tasks.o
    0x0800443c   0x0800443c   0x000000b0   Code   RO          316    i.vTaskPriorityInherit  tasks.o
    0x080044ec   0x080044ec   0x00000030   Code   RO          320    i.vTaskSetTimeOutState  tasks.o
    0x0800451c   0x0800451c   0x00000094   Code   RO          321    i.vTaskStartScheduler  tasks.o
    0x080045b0   0x080045b0   0x00000010   Code   RO          323    i.vTaskSuspendAll   tasks.o
    0x080045c0   0x080045c0   0x0000008c   Code   RO          324    i.vTaskSwitchContext  tasks.o
    0x0800464c   0x0800464c   0x000000d0   Code   RO         1507    i.volume_effect     effects.o
    0x0800471c   0x0800471c   0x00000084   Code   RO         1508    i.wah_effect        effects.o
    0x080047a0   0x080047a0   0x0000013c   Code   RO          807    i.xPortStartScheduler  port.o
    0x080048dc   0x080048dc   0x00000058   Code   RO           93    i.xQueueGenericCreate  queue.o
    0x08004934   0x08004934   0x000001c4   Code   RO           94    i.xQueueGenericReceive  queue.o
    0x08004af8   0x08004af8   0x00000098   Code   RO           95    i.xQueueGenericReset  queue.o
    0x08004b90   0x08004b90   0x000001a8   Code   RO           96    i.xQueueGenericSend  queue.o
    0x08004d38   0x08004d38   0x000000f8   Code   RO           97    i.xQueueGenericSendFromISR  queue.o
    0x08004e30   0x08004e30   0x000000e0   Code   RO           98    i.xQueueGiveFromISR  queue.o
    0x08004f10   0x08004f10   0x0000008c   Code   RO          325    i.xTaskCheckForTimeOut  tasks.o
    0x08004f9c   0x08004f9c   0x00000060   Code   RO          326    i.xTaskCreate       tasks.o
    0x08004ffc   0x08004ffc   0x00000020   Code   RO          330    i.xTaskGetSchedulerState  tasks.o
    0x0800501c   0x0800501c   0x0000000c   Code   RO          331    i.xTaskGetTickCount  tasks.o
    0x08005028   0x08005028   0x00000148   Code   RO          333    i.xTaskIncrementTick  tasks.o
    0x08005170   0x08005170   0x000000c8   Code   RO          336    i.xTaskPriorityDisinherit  tasks.o
    0x08005238   0x08005238   0x00000098   Code   RO          337    i.xTaskRemoveFromEventList  tasks.o
    0x080052d0   0x080052d0   0x00000104   Code   RO          339    i.xTaskResumeAll    tasks.o
    0x080053d4   0x080053d4   0x00000058   Code   RO          640    i.xTimerCreateTimerTask  timers.o
    0x0800542c   0x0800542c   0x00000084   Code   RO          641    i.xTimerGenericCommand  timers.o
    0x080054b0   0x080054b0   0x00000150   Code   RO         4235    x$fpl$dadd          fz_wm.l(daddsub_clz.o)
    0x08005600   0x08005600   0x0000005a   Code   RO         4245    x$fpl$dfixu         fz_wm.l(dfixu.o)
    0x0800565a   0x0800565a   0x0000002e   Code   RO         4250    x$fpl$dflt          fz_wm.l(dflt_clz.o)
    0x08005688   0x08005688   0x00000154   Code   RO         4255    x$fpl$dmul          fz_wm.l(dmul.o)
    0x080057dc   0x080057dc   0x0000009c   Code   RO         4318    x$fpl$dnaninf       fz_wm.l(dnaninf.o)
    0x08005878   0x08005878   0x0000000c   Code   RO         4320    x$fpl$dretinf       fz_wm.l(dretinf.o)
    0x08005884   0x08005884   0x000001d4   Code   RO         4237    x$fpl$dsub          fz_wm.l(daddsub_clz.o)
    0x08005a58   0x08005a58   0x0000000a   Code   RO         4477    x$fpl$fpinit        fz_wm.l(fpinit.o)
    0x08005a62   0x08005a62   0x00000000   Code   RO         4328    x$fpl$usenofp       fz_wm.l(usenofp.o)
    0x08005a62   0x08005a62   0x00000002   PAD
    0x08005a64   0x08005a64   0x00000020   Data   RO         4545    Region$$Table       anon$$obj.o


    Execution Region ER_RW (Exec base: 0x20000000, Load base: 0x08005a84, Size: 0x00000994, Max: 0xffffffff, ABSOLUTE, COMPRESSED[0x0000075c])

    Exec Addr    Load Addr    Size         Type   Attr      Idx    E Section Name        Object

    0x20000000   COMPRESSED   0x0000003c   Data   RW          342    .data               tasks.o
    0x2000003c   COMPRESSED   0x00000014   Data   RW          647    .data               timers.o
    0x20000050   COMPRESSED   0x00000018   Data   RW          763    .data               heap_2.o
    0x20000068   COMPRESSED   0x0000000c   Data   RW          808    .data               port.o
    0x20000074   COMPRESSED   0x0000000c   Data   RW          886    .data               main.o
    0x20000080   COMPRESSED   0x0000003c   Data   RW         1071    .data               bluetooth.o
    0x200000bc   COMPRESSED   0x0000001c   Data   RW         1127    .data               pedal.o
    0x200000d8   COMPRESSED   0x00000008   Data   RW         1195    .data               conversion.o
    0x200000e0   COMPRESSED   0x00000018   Data   RW         1313    .data               rf.o
    0x200000f8   COMPRESSED   0x00000010   Data   RW         1377    .data               lcd_i2c.o
    0x20000108   COMPRESSED   0x00000864   Data   RW         1510    .data               effects.o
    0x2000096c   COMPRESSED   0x00000010   Data   RW         2238    .data               stm32f4xx_rcc.o
    0x2000097c   COMPRESSED   0x00000014   Data   RW         3620    .data               system_stm32f4xx.o
    0x20000990   COMPRESSED   0x00000004   Data   RW         3851    .data               tm_stm32f4_nrf24l01.o


    Execution Region ER_ZI (Exec base: 0x20000994, Load base: 0x080061e0, Size: 0x0001f494, Max: 0xffffffff, ABSOLUTE)

    Exec Addr    Load Addr    Size         Type   Attr      Idx    E Section Name        Object

    0x20000994        -       0x00000040   Zero   RW          105    .bss                queue.o
    0x200009d4        -       0x000000c8   Zero   RW          341    .bss                tasks.o
    0x20000a9c        -       0x00000028   Zero   RW          646    .bss                timers.o
    0x20000ac4        -       0x00012c00   Zero   RW          762    .bss                heap_2.o
    0x200136c4        -       0x0000011b   Zero   RW         1070    .bss                bluetooth.o
    0x200137df   0x080061e0   0x00000001   PAD
    0x200137e0        -       0x00000010   Zero   RW         1194    .bss                conversion.o
    0x200137f0        -       0x0000bfc0   Zero   RW         1509    .bss                effects.o
    0x2001f7b0        -       0x00000016   Zero   RW         4009    .bss                tm_stm32f4_gpio.o
    0x2001f7c6   0x080061e0   0x00000002   PAD
    0x2001f7c8        -       0x00000060   Zero   RW         4405    .bss                c_w.l(libspace.o)
    0x2001f828        -       0x00000200   Zero   RW         3656    HEAP                startup_stm32f40xx.o
    0x2001fa28        -       0x00000400   Zero   RW         3655    STACK               startup_stm32f40xx.o


==============================================================================

Image component sizes


      Code (inc. data)   RO Data    RW Data    ZI Data      Debug   Object Name

      1370        108          0         60        283       5806   bluetooth.o
      1038        118          0          8         16       9315   conversion.o
      3938        460          0       2148      49088      10429   effects.o
       304         46          0         24      76800       6499   heap_2.o
        40          8          0         16          0       1624   lcd_i2c.o
       148          0          0          0          0      16546   list.o
        60          6          0         12          0     337673   main.o
       140         24          0          0          0       1983   misc.o
       524        110          0         28          0       3275   pedal.o
       954         92          0         12          0      11909   port.o
      2096         22          0          0         64      25601   queue.o
       372         40          0         24          0       2908   rf.o
        64         26        392          0       1536       1008   startup_stm32f40xx.o
       382         24          0          0          0       5919   stm32f4xx_adc.o
       136         18          0          0          0       2950   stm32f4xx_dac.o
       664         58          0          0          0       6111   stm32f4xx_dma.o
       226          0          0          0          0       3584   stm32f4xx_gpio.o
       328         36          0         16          0       5423   stm32f4xx_rcc.o
        84          0          0          0          0       2164   stm32f4xx_spi.o
       250         28          0          0          0       5893   stm32f4xx_tim.o
       434          8          0          0          0       5872   stm32f4xx_usart.o
       340         32          0         20          0       2453   system_stm32f4xx.o
      2986        400          0         60        200      25322   tasks.o
      1142        118          0         20         40      17567   timers.o
       380         10          0          0         22       5184   tm_stm32f4_gpio.o
      1224         96          0          4          0      19781   tm_stm32f4_nrf24l01.o
       888         84          0          0          0       7753   tm_stm32f4_spi.o

    ----------------------------------------------------------------------
     20534       1972        424       2452     128052     550552   Object Totals
         0          0         32          0          0          0   (incl. Generated)
        22          0          0          0          3          0   (incl. Padding)

    ----------------------------------------------------------------------

      Code (inc. data)   RO Data    RW Data    ZI Data      Debug   Library Member Name

       100          0          0          0          0          0   __dclz77c.o
         8          0          0          0          0         68   __main.o
         0          0          0          0          0          0   __rtentry.o
        12          0          0          0          0          0   __rtentry2.o
         6          0          0          0          0          0   __rtentry4.o
        52          8          0          0          0          0   __scatter.o
        28          0          0          0          0          0   __scatter_zi.o
        16          0          0          0          0         68   aeabi_memset.o
        18          0          0          0          0         80   exit.o
         6          0          0          0          0        152   heapauxi.o
         0          0          0          0          0          0   indicate_semi.o
         2          0          0          0          0          0   libinit.o
         6          0          0          0          0          0   libinit2.o
         2          0          0          0          0          0   libshutdown.o
         2          0          0          0          0          0   libshutdown2.o
         8          4          0          0         96         68   libspace.o
        68          0          0          0          0         68   rt_memclr.o
        78          0          0          0          0         80   rt_memclr_w.o
       138          0          0          0          0         68   rt_memcpy_v6.o
       100          0          0          0          0         80   rt_memcpy_w.o
         2          0          0          0          0          0   rtexit.o
        10          0          0          0          0          0   rtexit2.o
        12          4          0          0          0         68   sys_exit.o
        74          0          0          0          0         80   sys_stackheap_outer.o
         2          0          0          0          0         68   use_no_semi.o
       804         16          0          0          0        368   daddsub_clz.o
        90          4          0          0          0        140   dfixu.o
        46          0          0          0          0        116   dflt_clz.o
       340         12          0          0          0        152   dmul.o
       156          4          0          0          0        140   dnaninf.o
        12          0          0          0          0        116   dretinf.o
        10          0          0          0          0        116   fpinit.o
         0          0          0          0          0          0   usenofp.o

    ----------------------------------------------------------------------
      2214         52          0          0         96       2096   Library Totals
         6          0          0          0          0          0   (incl. Padding)

    ----------------------------------------------------------------------

      Code (inc. data)   RO Data    RW Data    ZI Data      Debug   Library Name

       750         16          0          0         96        948   c_w.l
      1458         36          0          0          0       1148   fz_wm.l

    ----------------------------------------------------------------------
      2214         52          0          0         96       2096   Library Totals

    ----------------------------------------------------------------------

==============================================================================


      Code (inc. data)   RO Data    RW Data    ZI Data      Debug   

     22748       2024        424       2452     128148     533832   Grand Totals
     22748       2024        424       1884     128148     533832   ELF Image Totals (compressed)
     22748       2024        424       1884          0          0   ROM Totals

==============================================================================

    Total RO  Size (Code + RO Data)                23172 (  22.63kB)
    Total RW  Size (RW Data + ZI Data)            130600 ( 127.54kB)
    Total ROM Size (Code + RO Data + RW Data)      25056 (  24.47kB)

==============================================================================

